   1              		.cpu cortex-m0
   2              		.fpu softvfp
   3              		.eabi_attribute 20, 1
   4              		.eabi_attribute 21, 1
   5              		.eabi_attribute 23, 3
   6              		.eabi_attribute 24, 1
   7              		.eabi_attribute 25, 1
   8              		.eabi_attribute 26, 1
   9              		.eabi_attribute 30, 6
  10              		.eabi_attribute 34, 0
  11              		.eabi_attribute 18, 4
  12              		.code	16
  13              		.file	"entradas.c"
  14              		.text
  15              	.Ltext0:
  16              		.cfi_sections	.debug_frame
  17              		.section	.text.InicializaEntradas,"ax",%progbits
  18              		.align	2
  19              		.global	InicializaEntradas
  20              		.code	16
  21              		.thumb_func
  23              	InicializaEntradas:
  24              	.LFB0:
  25              		.file 1 "../Sources/entradas.c"
   1:../Sources/entradas.c **** /*
   2:../Sources/entradas.c ****  * entradas.c
   3:../Sources/entradas.c ****  *
   4:../Sources/entradas.c ****  *  Created on: Jul 20, 2016
   5:../Sources/entradas.c ****  *      Author: PDI
   6:../Sources/entradas.c ****  */
   7:../Sources/entradas.c **** #include "entradas.h"
   8:../Sources/entradas.c **** //=========================================================
   9:../Sources/entradas.c **** //
  10:../Sources/entradas.c **** //
  11:../Sources/entradas.c **** //=========================================================
  12:../Sources/entradas.c **** void InicializaEntradas(uint8_t di)
  13:../Sources/entradas.c **** {
  26              		.loc 1 13 0
  27              		.cfi_startproc
  28 0000 80B5     		push	{r7, lr}
  29              	.LCFI0:
  30              		.cfi_def_cfa_offset 8
  31              		.cfi_offset 7, -8
  32              		.cfi_offset 14, -4
  33 0002 82B0     		sub	sp, sp, #8
  34              	.LCFI1:
  35              		.cfi_def_cfa_offset 16
  36 0004 00AF     		add	r7, sp, #0
  37              	.LCFI2:
  38              		.cfi_def_cfa_register 7
  39 0006 021C     		mov	r2, r0
  40 0008 FB1D     		add	r3, r7, #7
  41 000a 1A70     		strb	r2, [r3]
  14:../Sources/entradas.c **** 	switch(di)
  42              		.loc 1 14 0
  43 000c FB1D     		add	r3, r7, #7
  44 000e 1B78     		ldrb	r3, [r3]
  45 0010 012B     		cmp	r3, #1
  46 0012 0FD0     		beq	.L4
  47 0014 02DC     		bgt	.L7
  48 0016 002B     		cmp	r3, #0
  49 0018 05D0     		beq	.L3
  50 001a 20E0     		b	.L1
  51              	.L7:
  52 001c 022B     		cmp	r3, #2
  53 001e 10D0     		beq	.L5
  54 0020 032B     		cmp	r3, #3
  55 0022 15D0     		beq	.L6
  56 0024 1BE0     		b	.L1
  57              	.L3:
  15:../Sources/entradas.c **** 	{
  16:../Sources/entradas.c **** 		case IN_D0:
  17:../Sources/entradas.c **** 			gpio_direction(PTD,5,INPUT,NO_PULL_RESISTOR);
  58              		.loc 1 17 0
  59 0026 0320     		mov	r0, #3
  60 0028 0521     		mov	r1, #5
  61 002a 0022     		mov	r2, #0
  62 002c 0023     		mov	r3, #0
  63 002e FFF7FEFF 		bl	gpio_direction
  18:../Sources/entradas.c **** 		break;
  64              		.loc 1 18 0
  65 0032 14E0     		b	.L1
  66              	.L4:
  19:../Sources/entradas.c **** 		case IN_D1:
  20:../Sources/entradas.c **** 			gpio_direction(PTA,13,INPUT,NO_PULL_RESISTOR);
  67              		.loc 1 20 0
  68 0034 0020     		mov	r0, #0
  69 0036 0D21     		mov	r1, #13
  70 0038 0022     		mov	r2, #0
  71 003a 0023     		mov	r3, #0
  72 003c FFF7FEFF 		bl	gpio_direction
  21:../Sources/entradas.c **** 		break;
  73              		.loc 1 21 0
  74 0040 0DE0     		b	.L1
  75              	.L5:
  22:../Sources/entradas.c **** 		case IN_D2:
  23:../Sources/entradas.c **** 			gpio_direction(PTC,9,INPUT,NO_PULL_RESISTOR);
  76              		.loc 1 23 0
  77 0042 0220     		mov	r0, #2
  78 0044 0921     		mov	r1, #9
  79 0046 0022     		mov	r2, #0
  80 0048 0023     		mov	r3, #0
  81 004a FFF7FEFF 		bl	gpio_direction
  24:../Sources/entradas.c **** 		break;
  82              		.loc 1 24 0
  83 004e 06E0     		b	.L1
  84              	.L6:
  25:../Sources/entradas.c **** 		case IN_D3:
  26:../Sources/entradas.c **** 			gpio_direction(PTC,8,INPUT,NO_PULL_RESISTOR);
  85              		.loc 1 26 0
  86 0050 0220     		mov	r0, #2
  87 0052 0821     		mov	r1, #8
  88 0054 0022     		mov	r2, #0
  89 0056 0023     		mov	r3, #0
  90 0058 FFF7FEFF 		bl	gpio_direction
  27:../Sources/entradas.c **** 		break;
  91              		.loc 1 27 0
  92 005c C046     		mov	r8, r8
  93              	.L1:
  28:../Sources/entradas.c **** 	}
  29:../Sources/entradas.c **** }
  94              		.loc 1 29 0
  95 005e BD46     		mov	sp, r7
  96 0060 02B0     		add	sp, sp, #8
  97              		@ sp needed for prologue
  98 0062 80BD     		pop	{r7, pc}
  99              		.cfi_endproc
 100              	.LFE0:
 102              		.section	.text.EntradasDigitais,"ax",%progbits
 103              		.align	2
 104              		.global	EntradasDigitais
 105              		.code	16
 106              		.thumb_func
 108              	EntradasDigitais:
 109              	.LFB1:
  30:../Sources/entradas.c **** //=========================================================
  31:../Sources/entradas.c **** //
  32:../Sources/entradas.c **** //
  33:../Sources/entradas.c **** //=========================================================
  34:../Sources/entradas.c **** bool EntradasDigitais(uint8_t in)
  35:../Sources/entradas.c **** {
 110              		.loc 1 35 0
 111              		.cfi_startproc
 112 0000 80B5     		push	{r7, lr}
 113              	.LCFI3:
 114              		.cfi_def_cfa_offset 8
 115              		.cfi_offset 7, -8
 116              		.cfi_offset 14, -4
 117 0002 82B0     		sub	sp, sp, #8
 118              	.LCFI4:
 119              		.cfi_def_cfa_offset 16
 120 0004 00AF     		add	r7, sp, #0
 121              	.LCFI5:
 122              		.cfi_def_cfa_register 7
 123 0006 021C     		mov	r2, r0
 124 0008 FB1D     		add	r3, r7, #7
 125 000a 1A70     		strb	r2, [r3]
  36:../Sources/entradas.c **** 	switch(in)
 126              		.loc 1 36 0
 127 000c FB1D     		add	r3, r7, #7
 128 000e 1B78     		ldrb	r3, [r3]
 129 0010 012B     		cmp	r3, #1
 130 0012 12D0     		beq	.L11
 131 0014 02DC     		bgt	.L14
 132 0016 002B     		cmp	r3, #0
 133 0018 05D0     		beq	.L10
 134 001a 2CE0     		b	.L9
 135              	.L14:
 136 001c 022B     		cmp	r3, #2
 137 001e 16D0     		beq	.L12
 138 0020 032B     		cmp	r3, #3
 139 0022 1ED0     		beq	.L13
 140 0024 27E0     		b	.L9
 141              	.L10:
  37:../Sources/entradas.c **** 	{
  38:../Sources/entradas.c **** 		case IN_D0:
  39:../Sources/entradas.c **** 			if(gpio_read(PTD,5))
 142              		.loc 1 39 0
 143 0026 0320     		mov	r0, #3
 144 0028 0521     		mov	r1, #5
 145 002a FFF7FEFF 		bl	gpio_read
 146 002e 031C     		mov	r3, r0
 147 0030 01D0     		beq	.L15
  40:../Sources/entradas.c **** 			{
  41:../Sources/entradas.c **** 				return TRUE;
 148              		.loc 1 41 0
 149 0032 0123     		mov	r3, #1
 150 0034 20E0     		b	.L16
 151              	.L15:
  42:../Sources/entradas.c **** 			}
  43:../Sources/entradas.c **** 			else
  44:../Sources/entradas.c **** 			{
  45:../Sources/entradas.c **** 				return FALSE;
 152              		.loc 1 45 0
 153 0036 0023     		mov	r3, #0
 154 0038 1EE0     		b	.L16
 155              	.L11:
  46:../Sources/entradas.c **** 			}
  47:../Sources/entradas.c **** 		break;
  48:../Sources/entradas.c **** 		case IN_D1:
  49:../Sources/entradas.c **** 			if(gpio_read(PTA,13))
 156              		.loc 1 49 0
 157 003a 0020     		mov	r0, #0
 158 003c 0D21     		mov	r1, #13
 159 003e FFF7FEFF 		bl	gpio_read
 160 0042 031C     		mov	r3, r0
 161 0044 01D0     		beq	.L17
  50:../Sources/entradas.c **** 			{
  51:../Sources/entradas.c **** 				return TRUE;
 162              		.loc 1 51 0
 163 0046 0123     		mov	r3, #1
 164 0048 16E0     		b	.L16
 165              	.L17:
  52:../Sources/entradas.c **** 			}
  53:../Sources/entradas.c **** 			else
  54:../Sources/entradas.c **** 			{
  55:../Sources/entradas.c **** 				return FALSE;
 166              		.loc 1 55 0
 167 004a 0023     		mov	r3, #0
 168 004c 14E0     		b	.L16
 169              	.L12:
  56:../Sources/entradas.c **** 			}
  57:../Sources/entradas.c **** 		break;
  58:../Sources/entradas.c **** 		case IN_D2:
  59:../Sources/entradas.c **** 			if(gpio_read(PTC,9))
 170              		.loc 1 59 0
 171 004e 0220     		mov	r0, #2
 172 0050 0921     		mov	r1, #9
 173 0052 FFF7FEFF 		bl	gpio_read
 174 0056 031C     		mov	r3, r0
 175 0058 01D0     		beq	.L18
  60:../Sources/entradas.c **** 			{
  61:../Sources/entradas.c **** 				return TRUE;
 176              		.loc 1 61 0
 177 005a 0123     		mov	r3, #1
 178 005c 0CE0     		b	.L16
 179              	.L18:
  62:../Sources/entradas.c **** 			}
  63:../Sources/entradas.c **** 			else
  64:../Sources/entradas.c **** 			{
  65:../Sources/entradas.c **** 				return FALSE;
 180              		.loc 1 65 0
 181 005e 0023     		mov	r3, #0
 182 0060 0AE0     		b	.L16
 183              	.L13:
  66:../Sources/entradas.c **** 			}
  67:../Sources/entradas.c **** 		break;
  68:../Sources/entradas.c **** 		case IN_D3:
  69:../Sources/entradas.c **** 			if(gpio_read(PTC,8))
 184              		.loc 1 69 0
 185 0062 0220     		mov	r0, #2
 186 0064 0821     		mov	r1, #8
 187 0066 FFF7FEFF 		bl	gpio_read
 188 006a 031C     		mov	r3, r0
 189 006c 01D0     		beq	.L19
  70:../Sources/entradas.c **** 			{
  71:../Sources/entradas.c **** 				return TRUE;
 190              		.loc 1 71 0
 191 006e 0123     		mov	r3, #1
 192 0070 02E0     		b	.L16
 193              	.L19:
  72:../Sources/entradas.c **** 			}
  73:../Sources/entradas.c **** 			else
  74:../Sources/entradas.c **** 			{
  75:../Sources/entradas.c **** 				return FALSE;
 194              		.loc 1 75 0
 195 0072 0023     		mov	r3, #0
 196 0074 00E0     		b	.L16
 197              	.L9:
 198 0076 FFE7     		b	.L8
 199              	.L16:
 200              	.L8:
  76:../Sources/entradas.c **** 			}
  77:../Sources/entradas.c **** 		break;
  78:../Sources/entradas.c **** 	}
  79:../Sources/entradas.c **** }
 201              		.loc 1 79 0
 202 0078 181C     		mov	r0, r3
 203 007a BD46     		mov	sp, r7
 204 007c 02B0     		add	sp, sp, #8
 205              		@ sp needed for prologue
 206 007e 80BD     		pop	{r7, pc}
 207              		.cfi_endproc
 208              	.LFE1:
 210              		.text
 211              	.Letext0:
 212              		.file 2 "../Sources/types.h"
DEFINED SYMBOLS
                            *ABS*:00000000 entradas.c
C:\Users\PDI\AppData\Local\Temp\cc8v3YAj.s:18     .text.InicializaEntradas:00000000 $t
C:\Users\PDI\AppData\Local\Temp\cc8v3YAj.s:23     .text.InicializaEntradas:00000000 InicializaEntradas
C:\Users\PDI\AppData\Local\Temp\cc8v3YAj.s:103    .text.EntradasDigitais:00000000 $t
C:\Users\PDI\AppData\Local\Temp\cc8v3YAj.s:108    .text.EntradasDigitais:00000000 EntradasDigitais
                     .debug_frame:00000010 $d

UNDEFINED SYMBOLS
gpio_direction
gpio_read
