Archive member included because of file (symbol)

C:/Freescale/CW MCU v10.3/MCU/ARM_GCC_Support/ewl/lib/armv6-m\libc.a(sprintf.o)
                              ./Sources/main_c.obj (sprintf)
C:/Freescale/CW MCU v10.3/MCU/ARM_GCC_Support/ewl/lib/armv6-m\libc.a(vsnprintf.o)
                              C:/Freescale/CW MCU v10.3/MCU/ARM_GCC_Support/ewl/lib/armv6-m\libc.a(sprintf.o) (vsnprintf)
C:/Freescale/CW MCU v10.3/MCU/ARM_GCC_Support/ewl/lib/armv6-m\libc.a(exit.o)
                              ./Project_Settings/Startup_Code/__arm_start_c.obj (exit)
C:/Freescale/CW MCU v10.3/MCU/ARM_GCC_Support/ewl/lib/armv6-m\libc.a(memcpy.o)
                              C:/Freescale/CW MCU v10.3/MCU/ARM_GCC_Support/ewl/lib/armv6-m\libc.a(vsnprintf.o) (memcpy)
C:/Freescale/CW MCU v10.3/MCU/ARM_GCC_Support/ewl/lib/armv6-m\libc.a(memset.o)
                              ./Project_Settings/Startup_Code/__arm_start_c.obj (memset)
C:/Freescale/CW MCU v10.3/MCU/ARM_GCC_Support/ewl/lib/armv6-m\libc.a(printformat_.o)
                              (__pformatter_)
C:/Freescale/CW MCU v10.3/MCU/ARM_GCC_Support/ewl/lib/armv6-m\libc.a(scanformat_.o)
                              (__sformatter)
C:/Freescale/CW MCU v10.3/MCU/ARM_GCC_Support/ewl/lib/armv6-m\libc.a(ctype_aeabi.o)
                              C:/Freescale/CW MCU v10.3/MCU/ARM_GCC_Support/ewl/lib/armv6-m\libc.a(scanformat_.o) (isspace)
C:/Freescale/CW MCU v10.3/MCU/ARM_GCC_Support/ewl/lib/armv6-m\libc.a(__strtoul.o)
                              C:/Freescale/CW MCU v10.3/MCU/ARM_GCC_Support/ewl/lib/armv6-m\libc.a(scanformat_.o) (__strtoul)
C:/Freescale/CW MCU v10.3/MCU/ARM_GCC_Support/ewl/lib/armv6-m\libc.a(__filll_mem.o)
                              C:/Freescale/CW MCU v10.3/MCU/ARM_GCC_Support/ewl/lib/armv6-m\libc.a(memset.o) (__fill_mem)
C:/Freescale/CW MCU v10.3/MCU/ARM_GCC_Support/ewl/lib/armv6-m\libc.a(memchr.o)
                              C:/Freescale/CW MCU v10.3/MCU/ARM_GCC_Support/ewl/lib/armv6-m\libc.a(printformat_.o) (memchr)
C:/Freescale/CW MCU v10.3/MCU/ARM_GCC_Support/ewl/lib/armv6-m\libc.a(strchr.o)
                              C:/Freescale/CW MCU v10.3/MCU/ARM_GCC_Support/ewl/lib/armv6-m\libc.a(printformat_.o) (strchr)
C:/Freescale/CW MCU v10.3/MCU/ARM_GCC_Support/ewl/lib/armv6-m\libc.a(strlen.o)
                              C:/Freescale/CW MCU v10.3/MCU/ARM_GCC_Support/ewl/lib/armv6-m\libc.a(printformat_.o) (strlen)
c:/freescale/cw mcu v10.3/cross_tools/arm-none-eabi-gcc-4_6_2/bin/../lib/gcc/arm-none-eabi/4.6.2/armv6-m\libgcc.a(_thumb1_case_uqi.o)
                              C:/Freescale/CW MCU v10.3/MCU/ARM_GCC_Support/ewl/lib/armv6-m\libc.a(scanformat_.o) (__gnu_thumb1_case_uqi)
c:/freescale/cw mcu v10.3/cross_tools/arm-none-eabi-gcc-4_6_2/bin/../lib/gcc/arm-none-eabi/4.6.2/armv6-m\libgcc.a(_udivsi3.o)
                              ./Sources/init_cpu_c.obj (__aeabi_uidiv)
c:/freescale/cw mcu v10.3/cross_tools/arm-none-eabi-gcc-4_6_2/bin/../lib/gcc/arm-none-eabi/4.6.2/armv6-m\libgcc.a(_divsi3.o)
                              ./Sources/init_cpu_c.obj (__aeabi_idiv)
c:/freescale/cw mcu v10.3/cross_tools/arm-none-eabi-gcc-4_6_2/bin/../lib/gcc/arm-none-eabi/4.6.2/armv6-m\libgcc.a(_dvmd_tls.o)
                              c:/freescale/cw mcu v10.3/cross_tools/arm-none-eabi-gcc-4_6_2/bin/../lib/gcc/arm-none-eabi/4.6.2/armv6-m\libgcc.a(_udivsi3.o) (__aeabi_idiv0)
C:/Freescale/CW MCU v10.3/MCU/ARM_GCC_Support/ewl/lib/armv6-m\librt.a(gcc_ctor_dtor.o)
                              ./Project_Settings/Startup_Code/__arm_start_c.obj (__init_cpp)
C:/Freescale/CW MCU v10.3/MCU/ARM_GCC_Support/ewl/lib/armv6-m\librt.a(ROMCopy.o)
                              ./Project_Settings/Startup_Code/__arm_start_c.obj (__copy_rom_sections_to_ram)
C:/Freescale/CW MCU v10.3/MCU/ARM_GCC_Support/ewl/lib/armv6-m\librt.a(__arm_eabi_init.o)
                              C:/Freescale/CW MCU v10.3/MCU/ARM_GCC_Support/ewl/lib/armv6-m\libc.a(exit.o) (__destroy_global_chain)

Allocating common symbols
Common symbol       size              file

mcg_clk_hz          0x4               ./Sources/init_cpu_c.obj
core_clk_khz        0x4               ./Sources/init_cpu_c.obj
periph_clk_khz      0x4               ./Sources/init_cpu_c.obj
uart0_clk_khz       0x4               ./Sources/init_cpu_c.obj
uart0_clk_hz        0x4               ./Sources/init_cpu_c.obj
mcg_clk_khz         0x4               ./Sources/init_cpu_c.obj
pll_clk_khz         0x4               ./Sources/init_cpu_c.obj

Discarded input sections

 .text          0x00000000        0x0 ./Sources/adc_c.obj
 .data          0x00000000        0x0 ./Sources/adc_c.obj
 .bss           0x00000000        0x0 ./Sources/adc_c.obj
 .text          0x00000000        0x0 ./Sources/analogico_c.obj
 .data          0x00000000        0x0 ./Sources/analogico_c.obj
 .bss           0x00000000        0x0 ./Sources/analogico_c.obj
 .text          0x00000000        0x0 ./Sources/entradas_c.obj
 .data          0x00000000        0x0 ./Sources/entradas_c.obj
 .bss           0x00000000        0x0 ./Sources/entradas_c.obj
 .text          0x00000000        0x0 ./Sources/gpio_c.obj
 .data          0x00000000        0x0 ./Sources/gpio_c.obj
 .bss           0x00000000        0x0 ./Sources/gpio_c.obj
 .text          0x00000000        0x0 ./Sources/init_cpu_c.obj
 .data          0x00000000        0x0 ./Sources/init_cpu_c.obj
 .bss           0x00000000        0x0 ./Sources/init_cpu_c.obj
 .text          0x00000000        0x0 ./Sources/led_RGB_c.obj
 .data          0x00000000        0x0 ./Sources/led_RGB_c.obj
 .bss           0x00000000        0x0 ./Sources/led_RGB_c.obj
 .text          0x00000000        0x0 ./Sources/main_c.obj
 .data          0x00000000        0x0 ./Sources/main_c.obj
 .bss           0x00000000        0x0 ./Sources/main_c.obj
 .text          0x00000000        0x0 ./Sources/reles_c.obj
 .data          0x00000000        0x0 ./Sources/reles_c.obj
 .bss           0x00000000        0x0 ./Sources/reles_c.obj
 .text          0x00000000        0x0 ./Sources/sa_mtb_c.obj
 .data          0x00000000        0x0 ./Sources/sa_mtb_c.obj
 .bss           0x00000000        0x0 ./Sources/sa_mtb_c.obj
 .debug_info    0x00000000       0x29 ./Sources/sa_mtb_c.obj
 .debug_abbrev  0x00000000       0x16 ./Sources/sa_mtb_c.obj
 .debug_line    0x00000000       0xaa ./Sources/sa_mtb_c.obj
 .debug_macinfo
                0x00000000     0x22e5 ./Sources/sa_mtb_c.obj
 .debug_str     0x00000000       0xa2 ./Sources/sa_mtb_c.obj
 .comment       0x00000000       0x7a ./Sources/sa_mtb_c.obj
 .ARM.attributes
                0x00000000       0x31 ./Sources/sa_mtb_c.obj
 .text          0x00000000        0x0 ./Sources/saidas_c.obj
 .data          0x00000000        0x0 ./Sources/saidas_c.obj
 .bss           0x00000000        0x0 ./Sources/saidas_c.obj
 .text          0x00000000        0x0 ./Sources/serial_c.obj
 .data          0x00000000        0x0 ./Sources/serial_c.obj
 .bss           0x00000000        0x0 ./Sources/serial_c.obj
 .text.EnviaCh  0x00000000       0x24 ./Sources/serial_c.obj
 .text.RecebeCh
                0x00000000       0x18 ./Sources/serial_c.obj
 .text          0x00000000        0x0 ./Sources/timer_c.obj
 .data          0x00000000        0x0 ./Sources/timer_c.obj
 .bss           0x00000000        0x0 ./Sources/timer_c.obj
 .text          0x00000000        0x0 ./Sources/uart_c.obj
 .data          0x00000000        0x0 ./Sources/uart_c.obj
 .bss           0x00000000        0x0 ./Sources/uart_c.obj
 .text.uart_getchar
                0x00000000       0x28 ./Sources/uart_c.obj
 .text          0x00000000        0x0 ./Project_Settings/Startup_Code/__arm_end_c.obj
 .data          0x00000000        0x0 ./Project_Settings/Startup_Code/__arm_end_c.obj
 .bss           0x00000000        0x0 ./Project_Settings/Startup_Code/__arm_end_c.obj
 .text          0x00000000        0x0 ./Project_Settings/Startup_Code/__arm_start_c.obj
 .data          0x00000000        0x0 ./Project_Settings/Startup_Code/__arm_start_c.obj
 .bss           0x00000000        0x0 ./Project_Settings/Startup_Code/__arm_start_c.obj
 .text.__iar_program_start
                0x00000000        0x4 ./Project_Settings/Startup_Code/__arm_start_c.obj
 .text          0x00000000        0x0 ./Project_Settings/Startup_Code/kinetis_sysinit_c.obj
 .data          0x00000000        0x0 ./Project_Settings/Startup_Code/kinetis_sysinit_c.obj
 .bss           0x00000000        0x0 ./Project_Settings/Startup_Code/kinetis_sysinit_c.obj
 .text          0x00000000        0x0 C:/Freescale/CW MCU v10.3/MCU/ARM_GCC_Support/ewl/lib/armv6-m\libc.a(sprintf.o)
 .data          0x00000000        0x0 C:/Freescale/CW MCU v10.3/MCU/ARM_GCC_Support/ewl/lib/armv6-m\libc.a(sprintf.o)
 .bss           0x00000000        0x0 C:/Freescale/CW MCU v10.3/MCU/ARM_GCC_Support/ewl/lib/armv6-m\libc.a(sprintf.o)
 .text          0x00000000        0x0 C:/Freescale/CW MCU v10.3/MCU/ARM_GCC_Support/ewl/lib/armv6-m\libc.a(vsnprintf.o)
 .data          0x00000000        0x0 C:/Freescale/CW MCU v10.3/MCU/ARM_GCC_Support/ewl/lib/armv6-m\libc.a(vsnprintf.o)
 .bss           0x00000000        0x0 C:/Freescale/CW MCU v10.3/MCU/ARM_GCC_Support/ewl/lib/armv6-m\libc.a(vsnprintf.o)
 .text          0x00000000        0x0 C:/Freescale/CW MCU v10.3/MCU/ARM_GCC_Support/ewl/lib/armv6-m\libc.a(exit.o)
 .data          0x00000000        0x0 C:/Freescale/CW MCU v10.3/MCU/ARM_GCC_Support/ewl/lib/armv6-m\libc.a(exit.o)
 .bss           0x00000000        0x0 C:/Freescale/CW MCU v10.3/MCU/ARM_GCC_Support/ewl/lib/armv6-m\libc.a(exit.o)
 .text          0x00000000        0x0 C:/Freescale/CW MCU v10.3/MCU/ARM_GCC_Support/ewl/lib/armv6-m\libc.a(memcpy.o)
 .data          0x00000000        0x0 C:/Freescale/CW MCU v10.3/MCU/ARM_GCC_Support/ewl/lib/armv6-m\libc.a(memcpy.o)
 .bss           0x00000000        0x0 C:/Freescale/CW MCU v10.3/MCU/ARM_GCC_Support/ewl/lib/armv6-m\libc.a(memcpy.o)
 .text          0x00000000        0x0 C:/Freescale/CW MCU v10.3/MCU/ARM_GCC_Support/ewl/lib/armv6-m\libc.a(memset.o)
 .data          0x00000000        0x0 C:/Freescale/CW MCU v10.3/MCU/ARM_GCC_Support/ewl/lib/armv6-m\libc.a(memset.o)
 .bss           0x00000000        0x0 C:/Freescale/CW MCU v10.3/MCU/ARM_GCC_Support/ewl/lib/armv6-m\libc.a(memset.o)
 .text          0x00000000        0x0 C:/Freescale/CW MCU v10.3/MCU/ARM_GCC_Support/ewl/lib/armv6-m\libc.a(printformat_.o)
 .data          0x00000000        0x0 C:/Freescale/CW MCU v10.3/MCU/ARM_GCC_Support/ewl/lib/armv6-m\libc.a(printformat_.o)
 .bss           0x00000000        0x0 C:/Freescale/CW MCU v10.3/MCU/ARM_GCC_Support/ewl/lib/armv6-m\libc.a(printformat_.o)
 .text          0x00000000        0x0 C:/Freescale/CW MCU v10.3/MCU/ARM_GCC_Support/ewl/lib/armv6-m\libc.a(scanformat_.o)
 .data          0x00000000        0x0 C:/Freescale/CW MCU v10.3/MCU/ARM_GCC_Support/ewl/lib/armv6-m\libc.a(scanformat_.o)
 .bss           0x00000000        0x0 C:/Freescale/CW MCU v10.3/MCU/ARM_GCC_Support/ewl/lib/armv6-m\libc.a(scanformat_.o)
 .text          0x00000000        0x0 C:/Freescale/CW MCU v10.3/MCU/ARM_GCC_Support/ewl/lib/armv6-m\libc.a(ctype_aeabi.o)
 .data          0x00000000        0x0 C:/Freescale/CW MCU v10.3/MCU/ARM_GCC_Support/ewl/lib/armv6-m\libc.a(ctype_aeabi.o)
 .bss           0x00000000        0x0 C:/Freescale/CW MCU v10.3/MCU/ARM_GCC_Support/ewl/lib/armv6-m\libc.a(ctype_aeabi.o)
 .text.isalnum  0x00000000       0x1c C:/Freescale/CW MCU v10.3/MCU/ARM_GCC_Support/ewl/lib/armv6-m\libc.a(ctype_aeabi.o)
 .text.iscntrl  0x00000000       0x20 C:/Freescale/CW MCU v10.3/MCU/ARM_GCC_Support/ewl/lib/armv6-m\libc.a(ctype_aeabi.o)
 .text.isdigit  0x00000000        0xe C:/Freescale/CW MCU v10.3/MCU/ARM_GCC_Support/ewl/lib/armv6-m\libc.a(ctype_aeabi.o)
 .text.isgraph  0x00000000       0x1c C:/Freescale/CW MCU v10.3/MCU/ARM_GCC_Support/ewl/lib/armv6-m\libc.a(ctype_aeabi.o)
 .text.islower  0x00000000       0x20 C:/Freescale/CW MCU v10.3/MCU/ARM_GCC_Support/ewl/lib/armv6-m\libc.a(ctype_aeabi.o)
 .text.isprint  0x00000000       0x1c C:/Freescale/CW MCU v10.3/MCU/ARM_GCC_Support/ewl/lib/armv6-m\libc.a(ctype_aeabi.o)
 .text.ispunct  0x00000000       0x20 C:/Freescale/CW MCU v10.3/MCU/ARM_GCC_Support/ewl/lib/armv6-m\libc.a(ctype_aeabi.o)
 .text.isupper  0x00000000       0x20 C:/Freescale/CW MCU v10.3/MCU/ARM_GCC_Support/ewl/lib/armv6-m\libc.a(ctype_aeabi.o)
 .text.isxdigit
                0x00000000       0x20 C:/Freescale/CW MCU v10.3/MCU/ARM_GCC_Support/ewl/lib/armv6-m\libc.a(ctype_aeabi.o)
 .text.isblank  0x00000000       0x24 C:/Freescale/CW MCU v10.3/MCU/ARM_GCC_Support/ewl/lib/armv6-m\libc.a(ctype_aeabi.o)
 .text.tolower  0x00000000        0xe C:/Freescale/CW MCU v10.3/MCU/ARM_GCC_Support/ewl/lib/armv6-m\libc.a(ctype_aeabi.o)
 .text          0x00000000        0x0 C:/Freescale/CW MCU v10.3/MCU/ARM_GCC_Support/ewl/lib/armv6-m\libc.a(__strtoul.o)
 .data          0x00000000        0x0 C:/Freescale/CW MCU v10.3/MCU/ARM_GCC_Support/ewl/lib/armv6-m\libc.a(__strtoul.o)
 .bss           0x00000000        0x0 C:/Freescale/CW MCU v10.3/MCU/ARM_GCC_Support/ewl/lib/armv6-m\libc.a(__strtoul.o)
 .text          0x00000000        0x0 C:/Freescale/CW MCU v10.3/MCU/ARM_GCC_Support/ewl/lib/armv6-m\libc.a(__filll_mem.o)
 .data          0x00000000        0x0 C:/Freescale/CW MCU v10.3/MCU/ARM_GCC_Support/ewl/lib/armv6-m\libc.a(__filll_mem.o)
 .bss           0x00000000        0x0 C:/Freescale/CW MCU v10.3/MCU/ARM_GCC_Support/ewl/lib/armv6-m\libc.a(__filll_mem.o)
 .text          0x00000000        0x0 C:/Freescale/CW MCU v10.3/MCU/ARM_GCC_Support/ewl/lib/armv6-m\libc.a(memchr.o)
 .data          0x00000000        0x0 C:/Freescale/CW MCU v10.3/MCU/ARM_GCC_Support/ewl/lib/armv6-m\libc.a(memchr.o)
 .bss           0x00000000        0x0 C:/Freescale/CW MCU v10.3/MCU/ARM_GCC_Support/ewl/lib/armv6-m\libc.a(memchr.o)
 .text          0x00000000        0x0 C:/Freescale/CW MCU v10.3/MCU/ARM_GCC_Support/ewl/lib/armv6-m\libc.a(strchr.o)
 .data          0x00000000        0x0 C:/Freescale/CW MCU v10.3/MCU/ARM_GCC_Support/ewl/lib/armv6-m\libc.a(strchr.o)
 .bss           0x00000000        0x0 C:/Freescale/CW MCU v10.3/MCU/ARM_GCC_Support/ewl/lib/armv6-m\libc.a(strchr.o)
 .text          0x00000000        0x0 C:/Freescale/CW MCU v10.3/MCU/ARM_GCC_Support/ewl/lib/armv6-m\libc.a(strlen.o)
 .data          0x00000000        0x0 C:/Freescale/CW MCU v10.3/MCU/ARM_GCC_Support/ewl/lib/armv6-m\libc.a(strlen.o)
 .bss           0x00000000        0x0 C:/Freescale/CW MCU v10.3/MCU/ARM_GCC_Support/ewl/lib/armv6-m\libc.a(strlen.o)
 .data          0x00000000        0x0 c:/freescale/cw mcu v10.3/cross_tools/arm-none-eabi-gcc-4_6_2/bin/../lib/gcc/arm-none-eabi/4.6.2/armv6-m\libgcc.a(_thumb1_case_uqi.o)
 .bss           0x00000000        0x0 c:/freescale/cw mcu v10.3/cross_tools/arm-none-eabi-gcc-4_6_2/bin/../lib/gcc/arm-none-eabi/4.6.2/armv6-m\libgcc.a(_thumb1_case_uqi.o)
 .data          0x00000000        0x0 c:/freescale/cw mcu v10.3/cross_tools/arm-none-eabi-gcc-4_6_2/bin/../lib/gcc/arm-none-eabi/4.6.2/armv6-m\libgcc.a(_udivsi3.o)
 .bss           0x00000000        0x0 c:/freescale/cw mcu v10.3/cross_tools/arm-none-eabi-gcc-4_6_2/bin/../lib/gcc/arm-none-eabi/4.6.2/armv6-m\libgcc.a(_udivsi3.o)
 .data          0x00000000        0x0 c:/freescale/cw mcu v10.3/cross_tools/arm-none-eabi-gcc-4_6_2/bin/../lib/gcc/arm-none-eabi/4.6.2/armv6-m\libgcc.a(_divsi3.o)
 .bss           0x00000000        0x0 c:/freescale/cw mcu v10.3/cross_tools/arm-none-eabi-gcc-4_6_2/bin/../lib/gcc/arm-none-eabi/4.6.2/armv6-m\libgcc.a(_divsi3.o)
 .data          0x00000000        0x0 c:/freescale/cw mcu v10.3/cross_tools/arm-none-eabi-gcc-4_6_2/bin/../lib/gcc/arm-none-eabi/4.6.2/armv6-m\libgcc.a(_dvmd_tls.o)
 .bss           0x00000000        0x0 c:/freescale/cw mcu v10.3/cross_tools/arm-none-eabi-gcc-4_6_2/bin/../lib/gcc/arm-none-eabi/4.6.2/armv6-m\libgcc.a(_dvmd_tls.o)
 .text          0x00000000        0x0 C:/Freescale/CW MCU v10.3/MCU/ARM_GCC_Support/ewl/lib/armv6-m\librt.a(gcc_ctor_dtor.o)
 .data          0x00000000        0x0 C:/Freescale/CW MCU v10.3/MCU/ARM_GCC_Support/ewl/lib/armv6-m\librt.a(gcc_ctor_dtor.o)
 .bss           0x00000000        0x0 C:/Freescale/CW MCU v10.3/MCU/ARM_GCC_Support/ewl/lib/armv6-m\librt.a(gcc_ctor_dtor.o)
 .bss.__dso_handle
                0x00000000        0x4 C:/Freescale/CW MCU v10.3/MCU/ARM_GCC_Support/ewl/lib/armv6-m\librt.a(gcc_ctor_dtor.o)
 .text          0x00000000        0x0 C:/Freescale/CW MCU v10.3/MCU/ARM_GCC_Support/ewl/lib/armv6-m\librt.a(ROMCopy.o)
 .data          0x00000000        0x0 C:/Freescale/CW MCU v10.3/MCU/ARM_GCC_Support/ewl/lib/armv6-m\librt.a(ROMCopy.o)
 .bss           0x00000000        0x0 C:/Freescale/CW MCU v10.3/MCU/ARM_GCC_Support/ewl/lib/armv6-m\librt.a(ROMCopy.o)
 .text.__flush_cache
                0x00000000        0x2 C:/Freescale/CW MCU v10.3/MCU/ARM_GCC_Support/ewl/lib/armv6-m\librt.a(ROMCopy.o)
 .text          0x00000000        0x0 C:/Freescale/CW MCU v10.3/MCU/ARM_GCC_Support/ewl/lib/armv6-m\librt.a(__arm_eabi_init.o)
 .data          0x00000000        0x0 C:/Freescale/CW MCU v10.3/MCU/ARM_GCC_Support/ewl/lib/armv6-m\librt.a(__arm_eabi_init.o)
 .bss           0x00000000        0x0 C:/Freescale/CW MCU v10.3/MCU/ARM_GCC_Support/ewl/lib/armv6-m\librt.a(__arm_eabi_init.o)
 .text.__register_global_object
                0x00000000       0x14 C:/Freescale/CW MCU v10.3/MCU/ARM_GCC_Support/ewl/lib/armv6-m\librt.a(__arm_eabi_init.o)
 .text.__cxa_atexit
                0x00000000       0x38 C:/Freescale/CW MCU v10.3/MCU/ARM_GCC_Support/ewl/lib/armv6-m\librt.a(__arm_eabi_init.o)
 .text.__aeabi_atexit
                0x00000000        0xe C:/Freescale/CW MCU v10.3/MCU/ARM_GCC_Support/ewl/lib/armv6-m\librt.a(__arm_eabi_init.o)
 .text.__register_atexit
                0x00000000        0xc C:/Freescale/CW MCU v10.3/MCU/ARM_GCC_Support/ewl/lib/armv6-m\librt.a(__arm_eabi_init.o)
 .text.__init_hardware
                0x00000000        0x4 C:/Freescale/CW MCU v10.3/MCU/ARM_GCC_Support/ewl/lib/armv6-m\librt.a(__arm_eabi_init.o)
 .bss.atexit_curr_func
                0x00000000        0x4 C:/Freescale/CW MCU v10.3/MCU/ARM_GCC_Support/ewl/lib/armv6-m\librt.a(__arm_eabi_init.o)
 .bss.atexit_funcs
                0x00000000      0x300 C:/Freescale/CW MCU v10.3/MCU/ARM_GCC_Support/ewl/lib/armv6-m\librt.a(__arm_eabi_init.o)

Memory Configuration

Name             Origin             Length             Attributes
m_interrupts     0x00000000         0x000000c0         xr
m_cfmprotrom     0x00000400         0x00000010         xr
m_text           0x00000800         0x0001f800         xr
m_data           0x1ffff000         0x00004000         xrw
*default*        0x00000000         0xffffffff

Linker script and memory map

LOAD ./Sources/adc_c.obj
LOAD ./Sources/analogico_c.obj
LOAD ./Sources/entradas_c.obj
LOAD ./Sources/gpio_c.obj
LOAD ./Sources/init_cpu_c.obj
LOAD ./Sources/led_RGB_c.obj
LOAD ./Sources/main_c.obj
LOAD ./Sources/reles_c.obj
LOAD ./Sources/sa_mtb_c.obj
LOAD ./Sources/saidas_c.obj
LOAD ./Sources/serial_c.obj
LOAD ./Sources/timer_c.obj
LOAD ./Sources/uart_c.obj
LOAD ./Project_Settings/Startup_Code/__arm_end_c.obj
LOAD ./Project_Settings/Startup_Code/__arm_start_c.obj
LOAD ./Project_Settings/Startup_Code/kinetis_sysinit_c.obj
                0x000023f4                __pformatter = __pformatter_
                [0x0000282c]                __sformatter = __sformatter
START GROUP
LOAD C:/Freescale/CW MCU v10.3/MCU/ARM_GCC_Support/ewl/lib/armv6-m\libc.a
LOAD C:/Freescale/CW MCU v10.3/MCU/ARM_GCC_Support/ewl/lib/armv6-m\libm.a
LOAD c:/freescale/cw mcu v10.3/cross_tools/arm-none-eabi-gcc-4_6_2/bin/../lib/gcc/arm-none-eabi/4.6.2/armv6-m\libgcc.a
LOAD C:/Freescale/CW MCU v10.3/MCU/ARM_GCC_Support/ewl/lib/armv6-m\librt.a
LOAD C:/Freescale/CW MCU v10.3/MCU/ARM_GCC_Support/ewl/lib/armv6-m\libuart.a
END GROUP
                0x20003000                _estack = 0x20003000
                0x20003000                __SP_INIT = _estack
                0x00000400                __heap_size = 0x400
                0x00000400                __stack_size = 0x400

.interrupts     0x00000000       0xc0
                0x00000000                __vector_table = .
                0x00000000                . = ALIGN (0x4)
 *(.vectortable)
 .vectortable   0x00000000       0xc0 ./Project_Settings/Startup_Code/kinetis_sysinit_c.obj
                0x00000000                InterruptVector
                0x000000c0                . = ALIGN (0x4)

.cfmprotect     0x00000400        0x0
                0x00000400                . = ALIGN (0x4)
 *(.cfmconfig)
                0x00000400                . = ALIGN (0x4)

.text           0x00000800     0x2db4
                0x00000800                . = ALIGN (0x4)
 *(.text)
 .text          0x00000800       0x14 c:/freescale/cw mcu v10.3/cross_tools/arm-none-eabi-gcc-4_6_2/bin/../lib/gcc/arm-none-eabi/4.6.2/armv6-m\libgcc.a(_thumb1_case_uqi.o)
                0x00000800                __gnu_thumb1_case_uqi
 .text          0x00000814       0x9c c:/freescale/cw mcu v10.3/cross_tools/arm-none-eabi-gcc-4_6_2/bin/../lib/gcc/arm-none-eabi/4.6.2/armv6-m\libgcc.a(_udivsi3.o)
                0x00000814                __aeabi_uidiv
                0x00000814                __udivsi3
                0x0000089c                __aeabi_uidivmod
 .text          0x000008b0       0xc0 c:/freescale/cw mcu v10.3/cross_tools/arm-none-eabi-gcc-4_6_2/bin/../lib/gcc/arm-none-eabi/4.6.2/armv6-m\libgcc.a(_divsi3.o)
                0x000008b0                __divsi3
                0x000008b0                __aeabi_idiv
                0x0000095c                __aeabi_idivmod
 .text          0x00000970        0x4 c:/freescale/cw mcu v10.3/cross_tools/arm-none-eabi-gcc-4_6_2/bin/../lib/gcc/arm-none-eabi/4.6.2/armv6-m\libgcc.a(_dvmd_tls.o)
                0x00000970                __aeabi_idiv0
                0x00000970                __aeabi_ldiv0
 *(.text*)
 .text.InicializaADC
                0x00000974       0x70 ./Sources/adc_c.obj
                0x00000974                InicializaADC
 .text.LeADC    0x000009e4       0x4c ./Sources/adc_c.obj
                0x000009e4                LeADC
 .text.adc_cal  0x00000a30      0x11c ./Sources/adc_c.obj
                0x00000a30                adc_cal
 .text.InicializaAnalogico
                0x00000b4c        0xc ./Sources/analogico_c.obj
                0x00000b4c                InicializaAnalogico
 .text.LeAnalogicoA0
                0x00000b58       0x14 ./Sources/analogico_c.obj
                0x00000b58                LeAnalogicoA0
 .text.LeAnalogicoA1
                0x00000b6c       0x14 ./Sources/analogico_c.obj
                0x00000b6c                LeAnalogicoA1
 .text.LeAnalogicoA2
                0x00000b80       0x14 ./Sources/analogico_c.obj
                0x00000b80                LeAnalogicoA2
 .text.InicializaEntradas
                0x00000b94       0x64 ./Sources/entradas_c.obj
                0x00000b94                InicializaEntradas
 .text.EntradasDigitais
                0x00000bf8       0x80 ./Sources/entradas_c.obj
                0x00000bf8                EntradasDigitais
 .text.gpio_direction
                0x00000c78      0x318 ./Sources/gpio_c.obj
                0x00000c78                gpio_direction
 .text.gpio_set
                0x00000f90      0x1b0 ./Sources/gpio_c.obj
                0x00000f90                gpio_set
 .text.gpio_toggle
                0x00001140       0x9c ./Sources/gpio_c.obj
                0x00001140                gpio_toggle
 .text.gpio_read
                0x000011dc       0xc8 ./Sources/gpio_c.obj
                0x000011dc                gpio_read
 .text.InicializaCPU
                0x000012a4       0xe4 ./Sources/init_cpu_c.obj
                0x000012a4                InicializaCPU
 .text.pll_init
                0x00001388      0x548 ./Sources/init_cpu_c.obj
                0x00001388                pll_init
 .text.InicializaLedRED
                0x000018d0       0x14 ./Sources/led_RGB_c.obj
                0x000018d0                InicializaLedRED
 .text.InicializaLedGREEN
                0x000018e4       0x14 ./Sources/led_RGB_c.obj
                0x000018e4                InicializaLedGREEN
 .text.InicializaLedBLUE
                0x000018f8       0x14 ./Sources/led_RGB_c.obj
                0x000018f8                InicializaLedBLUE
 .text.AcionaLedRED
                0x0000190c       0x20 ./Sources/led_RGB_c.obj
                0x0000190c                AcionaLedRED
 .text.AcionaLedGREEN
                0x0000192c       0x20 ./Sources/led_RGB_c.obj
                0x0000192c                AcionaLedGREEN
 .text.AcionaLedBLUE
                0x0000194c       0x20 ./Sources/led_RGB_c.obj
                0x0000194c                AcionaLedBLUE
 .text.ToggleLedRED
                0x0000196c       0x10 ./Sources/led_RGB_c.obj
                0x0000196c                ToggleLedRED
 .text.ToggleLedGREEN
                0x0000197c       0x10 ./Sources/led_RGB_c.obj
                0x0000197c                ToggleLedGREEN
 .text.ToggleLedBLUE
                0x0000198c       0x10 ./Sources/led_RGB_c.obj
                0x0000198c                ToggleLedBLUE
 .text.main     0x0000199c       0xfc ./Sources/main_c.obj
                0x0000199c                main
 .text.ControleLED
                0x00001a98      0x108 ./Sources/main_c.obj
                0x00001a98                ControleLED
 .text.InicializaRele
                0x00001ba0       0x7c ./Sources/reles_c.obj
                0x00001ba0                InicializaRele
 .text.AcionaRele
                0x00001c1c       0xf0 ./Sources/reles_c.obj
                0x00001c1c                AcionaRele
 .text.InicializaSaidas
                0x00001d0c       0x64 ./Sources/saidas_c.obj
                0x00001d0c                InicializaSaidas
 .text.SaidasDigitais
                0x00001d70       0xb4 ./Sources/saidas_c.obj
                0x00001d70                SaidasDigitais
 .text.InicializaSerial
                0x00001e24       0x30 ./Sources/serial_c.obj
                0x00001e24                InicializaSerial
 .text.EnviaString
                0x00001e54       0x30 ./Sources/serial_c.obj
                0x00001e54                EnviaString
 .text.InicializaTimer
                0x00001e84       0x6c ./Sources/timer_c.obj
                0x00001e84                InicializaTimer
 .text.PIT_IRQHandler
                0x00001ef0       0x38 ./Sources/timer_c.obj
                0x00001ef0                PIT_IRQHandler
 .text.Check_Tick
                0x00001f28       0x34 ./Sources/timer_c.obj
                0x00001f28                Check_Tick
 .text.Calcula_Tick
                0x00001f5c       0x28 ./Sources/timer_c.obj
                0x00001f5c                Calcula_Tick
 .text.uart_init
                0x00001f84      0x13c ./Sources/uart_c.obj
                0x00001f84                uart_init
 .text.uart_putchar
                0x000020c0       0x2c ./Sources/uart_c.obj
                0x000020c0                uart_putchar
 .text._ExitProcess
                0x000020ec        0xc ./Project_Settings/Startup_Code/__arm_end_c.obj
                0x000020ec                _ExitProcess
 .text.zero_fill_bss
                0x000020f8       0x24 ./Project_Settings/Startup_Code/__arm_start_c.obj
 .text.__thumb_startup
                0x0000211c       0x30 ./Project_Settings/Startup_Code/__arm_start_c.obj
                0x0000211c                __thumb_startup
 .text.Default_Handler
                0x0000214c        0xc ./Project_Settings/Startup_Code/kinetis_sysinit_c.obj
                0x0000214c                RTC_Alarm_IRQHandler
                0x0000214c                I2C0_IRQHandler
                0x0000214c                HardFault_Handler
                0x0000214c                SysTick_Handler
                0x0000214c                PendSV_Handler
                0x0000214c                NMI_Handler
                0x0000214c                I2C1_IRQHandler
                0x0000214c                UART1_IRQHandler
                0x0000214c                DMA2_IRQHandler
                0x0000214c                TSI0_IRQHandler
                0x0000214c                UART0_IRQHandler
                0x0000214c                ADC0_IRQHandler
                0x0000214c                SPI1_IRQHandler
                0x0000214c                PORTD_IRQHandler
                0x0000214c                LPTimer_IRQHandler
                0x0000214c                FTM1_IRQHandler
                0x0000214c                RTC_Seconds_IRQHandler
                0x0000214c                MCG_IRQHandler
                0x0000214c                UART2_IRQHandler
                0x0000214c                Default_Handler
                0x0000214c                LLW_IRQHandler
                0x0000214c                SVC_Handler
                0x0000214c                USBOTG_IRQHandler
                0x0000214c                DMA3_IRQHandler
                0x0000214c                DMA0_IRQHandler
                0x0000214c                DAC0_IRQHandler
                0x0000214c                PMC_IRQHandler
                0x0000214c                SPI0_IRQHandler
                0x0000214c                FTM0_IRQHandler
                0x0000214c                PORTA_IRQHandler
                0x0000214c                MCM_IRQHandler
                0x0000214c                FTFL_IRQHandler
                0x0000214c                FTM2_IRQHandler
                0x0000214c                CMP0_IRQHandler
                0x0000214c                DMA1_IRQHandler
 .text.__init_hardware
                0x00002158       0x2c ./Project_Settings/Startup_Code/kinetis_sysinit_c.obj
                0x00002158                __init_hardware
 .text.sprintf  0x00002184       0x1a C:/Freescale/CW MCU v10.3/MCU/ARM_GCC_Support/ewl/lib/armv6-m\libc.a(sprintf.o)
                0x00002184                sprintf
 .text.__StringWrite
                0x0000219e       0x26 C:/Freescale/CW MCU v10.3/MCU/ARM_GCC_Support/ewl/lib/armv6-m\libc.a(vsnprintf.o)
                0x0000219e                __StringWrite
 .text.vsnprintf
                0x000021c4       0x38 C:/Freescale/CW MCU v10.3/MCU/ARM_GCC_Support/ewl/lib/armv6-m\libc.a(vsnprintf.o)
                0x000021c4                vsnprintf
 .text.exit     0x000021fc       0x38 C:/Freescale/CW MCU v10.3/MCU/ARM_GCC_Support/ewl/lib/armv6-m\libc.a(exit.o)
                0x000021fc                exit
 .text.memcpy   0x00002234       0x12 C:/Freescale/CW MCU v10.3/MCU/ARM_GCC_Support/ewl/lib/armv6-m\libc.a(memcpy.o)
                0x00002234                memcpy
 .text.memset   0x00002246        0xc C:/Freescale/CW MCU v10.3/MCU/ARM_GCC_Support/ewl/lib/armv6-m\libc.a(memset.o)
                0x00002246                memset
 *fill*         0x00002252        0x2 00
 .text.long2str.isra.0
                0x00002254      0x1a0 C:/Freescale/CW MCU v10.3/MCU/ARM_GCC_Support/ewl/lib/armv6-m\libc.a(printformat_.o)
 .text.__pformatter_
                0x000023f4      0x438 C:/Freescale/CW MCU v10.3/MCU/ARM_GCC_Support/ewl/lib/armv6-m\libc.a(printformat_.o)
                0x000023f4                __pformatter_
 .text.__sformatter
                0x0000282c      0x780 C:/Freescale/CW MCU v10.3/MCU/ARM_GCC_Support/ewl/lib/armv6-m\libc.a(scanformat_.o)
                0x0000282c                __sformatter
 .text.isalpha  0x00002fac       0x20 C:/Freescale/CW MCU v10.3/MCU/ARM_GCC_Support/ewl/lib/armv6-m\libc.a(ctype_aeabi.o)
                0x00002fac                isalpha
 .text.isspace  0x00002fcc       0x20 C:/Freescale/CW MCU v10.3/MCU/ARM_GCC_Support/ewl/lib/armv6-m\libc.a(ctype_aeabi.o)
                0x00002fcc                isspace
 .text.toupper  0x00002fec        0xe C:/Freescale/CW MCU v10.3/MCU/ARM_GCC_Support/ewl/lib/armv6-m\libc.a(ctype_aeabi.o)
                0x00002fec                toupper
 .text.__strtoul
                0x00002ffa      0x1d0 C:/Freescale/CW MCU v10.3/MCU/ARM_GCC_Support/ewl/lib/armv6-m\libc.a(__strtoul.o)
                0x00002ffa                __strtoul
 .text.__fill_mem
                0x000031ca       0x84 C:/Freescale/CW MCU v10.3/MCU/ARM_GCC_Support/ewl/lib/armv6-m\libc.a(__filll_mem.o)
                0x000031ca                __fill_mem
 .text.memchr   0x0000324e       0x1a C:/Freescale/CW MCU v10.3/MCU/ARM_GCC_Support/ewl/lib/armv6-m\libc.a(memchr.o)
                0x0000324e                memchr
 .text.strchr   0x00003268       0x1e C:/Freescale/CW MCU v10.3/MCU/ARM_GCC_Support/ewl/lib/armv6-m\libc.a(strchr.o)
                0x00003268                strchr
 .text.strlen   0x00003286       0x14 C:/Freescale/CW MCU v10.3/MCU/ARM_GCC_Support/ewl/lib/armv6-m\libc.a(strlen.o)
                0x00003286                strlen
 *fill*         0x0000329a        0x2 00
 .text.__init_cpp
                0x0000329c       0x48 C:/Freescale/CW MCU v10.3/MCU/ARM_GCC_Support/ewl/lib/armv6-m\librt.a(gcc_ctor_dtor.o)
                0x0000329c                __init_cpp
 .text.__fini_cpp
                0x000032e4       0x34 C:/Freescale/CW MCU v10.3/MCU/ARM_GCC_Support/ewl/lib/armv6-m\librt.a(gcc_ctor_dtor.o)
                0x000032e4                __fini_cpp
 .text.__copy_rom_section
                0x00003318       0x4a C:/Freescale/CW MCU v10.3/MCU/ARM_GCC_Support/ewl/lib/armv6-m\librt.a(ROMCopy.o)
                0x00003318                __copy_rom_section
 *fill*         0x00003362        0x2 00
 .text.__copy_rom_sections_to_ram
                0x00003364       0x2c C:/Freescale/CW MCU v10.3/MCU/ARM_GCC_Support/ewl/lib/armv6-m\librt.a(ROMCopy.o)
                0x00003364                __copy_rom_sections_to_ram
 .text.__destroy_global_chain
                0x00003390       0x1c C:/Freescale/CW MCU v10.3/MCU/ARM_GCC_Support/ewl/lib/armv6-m\librt.a(__arm_eabi_init.o)
                0x00003390                __destroy_global_chain
 .text.__init_registers
                0x000033ac       0x1c C:/Freescale/CW MCU v10.3/MCU/ARM_GCC_Support/ewl/lib/armv6-m\librt.a(__arm_eabi_init.o)
                0x000033ac                __init_registers
 .text.__init_user
                0x000033c8        0x4 C:/Freescale/CW MCU v10.3/MCU/ARM_GCC_Support/ewl/lib/armv6-m\librt.a(__arm_eabi_init.o)
                0x000033c8                __init_user
 *(.rodata)
 .rodata        0x000033cc       0x4c ./Sources/main_c.obj
 *(.rodata*)
 .rodata.gpio_direction
                0x00003418       0x14 ./Sources/gpio_c.obj
 .rodata.gpio_set
                0x0000342c       0x14 ./Sources/gpio_c.obj
 .rodata.gpio_toggle
                0x00003440       0x14 ./Sources/gpio_c.obj
 .rodata.gpio_read
                0x00003454       0x14 ./Sources/gpio_c.obj
 .rodata.ControleLED
                0x00003468       0x18 ./Sources/main_c.obj
 .rodata.InicializaRele
                0x00003480       0x18 ./Sources/reles_c.obj
 .rodata.AcionaRele
                0x00003498       0x18 ./Sources/reles_c.obj
 .rodata.str1.1
                0x000034b0        0x1 C:/Freescale/CW MCU v10.3/MCU/ARM_GCC_Support/ewl/lib/armv6-m\libc.a(printformat_.o)
 .rodata.__aeabi_ctype_table_C
                0x000034b1      0x101 C:/Freescale/CW MCU v10.3/MCU/ARM_GCC_Support/ewl/lib/armv6-m\libc.a(ctype_aeabi.o)
                0x000034b1                __aeabi_ctype_table_C
 *(.glue_7)
 .glue_7        0x00000000        0x0 linker stubs
 *(.glue_7t)
 .glue_7t       0x00000000        0x0 linker stubs
 *(.eh_frame)
 *(.init)
 *(.fini)
                0x000035b4                . = ALIGN (0x4)
 *fill*         0x000035b2        0x2 00
                0x000035b4                _etext = .

.vfp11_veneer   0x000035b4        0x0
 .vfp11_veneer  0x00000000        0x0 linker stubs

.v4_bx          0x000035b4        0x0
 .v4_bx         0x00000000        0x0 linker stubs

.ARM.extab
 *(.ARM.extab* .gnu.linkonce.armextab.*)

.ARM            0x000035b4        0x0
                0x000035b4                __exidx_start = .
 *(.ARM.exidx*)
                0x000035b4                __exidx_end = .

.ctors          0x000035b4        0x0
                0x000035b4                __CTOR_LIST__ = .
 *crtbegin.o(.ctors)
 *(EXCLUDE_FILE(*crtend.o) .ctors)
 *(SORT(.ctors.*))
 *(.ctors)
                0x000035b4                __CTOR_END__ = .

.dtors          0x000035b4        0x0
                0x000035b4                __DTOR_LIST__ = .
 *crtbegin.o(.dtors)
 *(EXCLUDE_FILE(*crtend.o) .dtors)
 *(SORT(.dtors.*))
 *(.dtors)
                0x000035b4                __DTOR_END__ = .

.preinit_array  0x000035b4        0x0
                0x000035b4                PROVIDE (__preinit_array_start, .)
 *(.preinit_array*)
                0x000035b4                PROVIDE (__preinit_array_end, .)

.init_array     0x000035b4        0x0
                0x000035b4                PROVIDE (__init_array_start, .)
 *(SORT(.init_array.*))
 *(.init_array*)
                0x000035b4                PROVIDE (__init_array_end, .)

.fini_array     0x000035b4        0x0
                0x000035b4                PROVIDE (__fini_array_start, .)
 *(SORT(.fini_array.*))
 *(.fini_array*)
                0x000035b4                PROVIDE (__fini_array_end, .)
                0x000035b4                ___ROM_AT = .

.mtb            0x1ffff000        0x0
                0x1ffff000                . = ALIGN (0x8)
                0x1ffff000                _mtb_start = .
 *(.mtb_buf)
                0x1ffff000                . = ALIGN (0x8)
                0x1ffff000                _mtb_end = .

.data           0x1ffff000        0x0 load address 0x000035b4
                0x1ffff000                . = ALIGN (0x4)
                0x1ffff000                _sdata = .
 *(.data)
 *(.data*)
                0x1ffff000                . = ALIGN (0x4)
                0x1ffff000                _edata = .
                0x00000000                ___data_size = (_edata - _sdata)
                0x1ffff000                . = ALIGN (0x4)

.bss            0x1ffff000       0x50
                0x1ffff000                __START_BSS = .
                0x1ffff000                PROVIDE (__bss_start__, __START_BSS)
 *(.bss)
 *(.bss*)
 .bss.iClock    0x1ffff000        0x2 ./Sources/init_cpu_c.obj
                0x1ffff000                iClock
 .bss.estado.4924
                0x1ffff002        0x1 ./Sources/main_c.obj
 *fill*         0x1ffff003        0x5 00
 .bss.temp.4925
                0x1ffff008        0x8 ./Sources/main_c.obj
 .bss.Tick      0x1ffff010        0x8 ./Sources/timer_c.obj
 .bss.argv      0x1ffff018        0x4 ./Project_Settings/Startup_Code/__arm_start_c.obj
 .bss.__stdio_exit
                0x1ffff01c        0x4 C:/Freescale/CW MCU v10.3/MCU/ARM_GCC_Support/ewl/lib/armv6-m\libc.a(exit.o)
                0x1ffff01c                __stdio_exit
 .bss.__console_exit
                0x1ffff020        0x4 C:/Freescale/CW MCU v10.3/MCU/ARM_GCC_Support/ewl/lib/armv6-m\libc.a(exit.o)
                0x1ffff020                __console_exit
 .bss.__S_romp  0x1ffff024        0xc C:/Freescale/CW MCU v10.3/MCU/ARM_GCC_Support/ewl/lib/armv6-m\librt.a(ROMCopy.o)
 .bss.__global_destructor_chain
                0x1ffff030        0x4 C:/Freescale/CW MCU v10.3/MCU/ARM_GCC_Support/ewl/lib/armv6-m\librt.a(__arm_eabi_init.o)
                0x1ffff030                __global_destructor_chain
 *(COMMON)
 COMMON         0x1ffff034       0x1c ./Sources/init_cpu_c.obj
                0x1ffff034                mcg_clk_hz
                0x1ffff038                core_clk_khz
                0x1ffff03c                periph_clk_khz
                0x1ffff040                uart0_clk_khz
                0x1ffff044                uart0_clk_hz
                0x1ffff048                mcg_clk_khz
                0x1ffff04c                pll_clk_khz
                0x1ffff050                . = ALIGN (0x4)
                0x1ffff050                __END_BSS = .
                0x1ffff050                PROVIDE (__bss_end__, __END_BSS)
                0x000035b4                _romp_at = (___ROM_AT + SIZEOF (.data))

.romp           0x1ffff050       0x18 load address 0x000035b4
                0x000035b4                __S_romp = _romp_at
                0x1ffff050        0x4 LONG 0x35b4 ___ROM_AT
                0x1ffff054        0x4 LONG 0x1ffff000 _sdata
                0x1ffff058        0x4 LONG 0x0 ___data_size
                0x1ffff05c        0x4 LONG 0x0
                0x1ffff060        0x4 LONG 0x0
                0x1ffff064        0x4 LONG 0x0

._user_heap_stack
                0x1ffff068      0x800 load address 0x000035cc
                0x1ffff068                . = ALIGN (0x4)
                0x1ffff068                PROVIDE (end, .)
                0x1ffff068                PROVIDE (_end, .)
                0x1ffff068                __heap_addr = .
                0x1ffff468                . = (. + __heap_size)
 *fill*         0x1ffff068      0x400 00
                0x1ffff868                . = (. + __stack_size)
 *fill*         0x1ffff468      0x400 00
                0x1ffff868                . = ALIGN (0x4)

.ARM.attributes
                0x00000000       0x31
 *(.ARM.attributes)
 .ARM.attributes
                0x00000000       0x31 ./Sources/adc_c.obj
 .ARM.attributes
                0x00000031       0x31 ./Sources/analogico_c.obj
 .ARM.attributes
                0x00000062       0x31 ./Sources/entradas_c.obj
 .ARM.attributes
                0x00000093       0x31 ./Sources/gpio_c.obj
 .ARM.attributes
                0x000000c4       0x31 ./Sources/init_cpu_c.obj
 .ARM.attributes
                0x000000f5       0x31 ./Sources/led_RGB_c.obj
 .ARM.attributes
                0x00000126       0x31 ./Sources/main_c.obj
 .ARM.attributes
                0x00000157       0x31 ./Sources/reles_c.obj
 .ARM.attributes
                0x00000188       0x31 ./Sources/saidas_c.obj
 .ARM.attributes
                0x000001b9       0x31 ./Sources/serial_c.obj
 .ARM.attributes
                0x000001ea       0x31 ./Sources/timer_c.obj
 .ARM.attributes
                0x0000021b       0x31 ./Sources/uart_c.obj
 .ARM.attributes
                0x0000024c       0x31 ./Project_Settings/Startup_Code/__arm_end_c.obj
 .ARM.attributes
                0x0000027d       0x31 ./Project_Settings/Startup_Code/__arm_start_c.obj
 .ARM.attributes
                0x000002ae       0x31 ./Project_Settings/Startup_Code/kinetis_sysinit_c.obj
 .ARM.attributes
                0x000002df       0x31 C:/Freescale/CW MCU v10.3/MCU/ARM_GCC_Support/ewl/lib/armv6-m\libc.a(sprintf.o)
 .ARM.attributes
                0x00000310       0x31 C:/Freescale/CW MCU v10.3/MCU/ARM_GCC_Support/ewl/lib/armv6-m\libc.a(vsnprintf.o)
 .ARM.attributes
                0x00000341       0x31 C:/Freescale/CW MCU v10.3/MCU/ARM_GCC_Support/ewl/lib/armv6-m\libc.a(exit.o)
 .ARM.attributes
                0x00000372       0x31 C:/Freescale/CW MCU v10.3/MCU/ARM_GCC_Support/ewl/lib/armv6-m\libc.a(memcpy.o)
 .ARM.attributes
                0x000003a3       0x31 C:/Freescale/CW MCU v10.3/MCU/ARM_GCC_Support/ewl/lib/armv6-m\libc.a(memset.o)
 .ARM.attributes
                0x000003d4       0x31 C:/Freescale/CW MCU v10.3/MCU/ARM_GCC_Support/ewl/lib/armv6-m\libc.a(printformat_.o)
 .ARM.attributes
                0x00000405       0x31 C:/Freescale/CW MCU v10.3/MCU/ARM_GCC_Support/ewl/lib/armv6-m\libc.a(scanformat_.o)
 .ARM.attributes
                0x00000436       0x31 C:/Freescale/CW MCU v10.3/MCU/ARM_GCC_Support/ewl/lib/armv6-m\libc.a(ctype_aeabi.o)
 .ARM.attributes
                0x00000467       0x31 C:/Freescale/CW MCU v10.3/MCU/ARM_GCC_Support/ewl/lib/armv6-m\libc.a(__strtoul.o)
 .ARM.attributes
                0x00000498       0x31 C:/Freescale/CW MCU v10.3/MCU/ARM_GCC_Support/ewl/lib/armv6-m\libc.a(__filll_mem.o)
 .ARM.attributes
                0x000004c9       0x31 C:/Freescale/CW MCU v10.3/MCU/ARM_GCC_Support/ewl/lib/armv6-m\libc.a(memchr.o)
 .ARM.attributes
                0x000004fa       0x31 C:/Freescale/CW MCU v10.3/MCU/ARM_GCC_Support/ewl/lib/armv6-m\libc.a(strchr.o)
 .ARM.attributes
                0x0000052b       0x31 C:/Freescale/CW MCU v10.3/MCU/ARM_GCC_Support/ewl/lib/armv6-m\libc.a(strlen.o)
 .ARM.attributes
                0x0000055c       0x1e c:/freescale/cw mcu v10.3/cross_tools/arm-none-eabi-gcc-4_6_2/bin/../lib/gcc/arm-none-eabi/4.6.2/armv6-m\libgcc.a(_thumb1_case_uqi.o)
 .ARM.attributes
                0x0000057a       0x1e c:/freescale/cw mcu v10.3/cross_tools/arm-none-eabi-gcc-4_6_2/bin/../lib/gcc/arm-none-eabi/4.6.2/armv6-m\libgcc.a(_udivsi3.o)
 .ARM.attributes
                0x00000598       0x1e c:/freescale/cw mcu v10.3/cross_tools/arm-none-eabi-gcc-4_6_2/bin/../lib/gcc/arm-none-eabi/4.6.2/armv6-m\libgcc.a(_divsi3.o)
 .ARM.attributes
                0x000005b6       0x1e c:/freescale/cw mcu v10.3/cross_tools/arm-none-eabi-gcc-4_6_2/bin/../lib/gcc/arm-none-eabi/4.6.2/armv6-m\libgcc.a(_dvmd_tls.o)
 .ARM.attributes
                0x000005d4       0x31 C:/Freescale/CW MCU v10.3/MCU/ARM_GCC_Support/ewl/lib/armv6-m\librt.a(gcc_ctor_dtor.o)
 .ARM.attributes
                0x00000605       0x31 C:/Freescale/CW MCU v10.3/MCU/ARM_GCC_Support/ewl/lib/armv6-m\librt.a(ROMCopy.o)
 .ARM.attributes
                0x00000636       0x31 C:/Freescale/CW MCU v10.3/MCU/ARM_GCC_Support/ewl/lib/armv6-m\librt.a(__arm_eabi_init.o)
OUTPUT(frdm_kl25_kit_automacao.elf elf32-littlearm)

.debug_info     0x00000000     0x4896
 .debug_info    0x00000000      0x49e ./Sources/adc_c.obj
 .debug_info    0x0000049e       0xd7 ./Sources/analogico_c.obj
 .debug_info    0x00000575       0xd0 ./Sources/entradas_c.obj
 .debug_info    0x00000645      0x4bb ./Sources/gpio_c.obj
 .debug_info    0x00000b00      0x56c ./Sources/init_cpu_c.obj
 .debug_info    0x0000106c      0x172 ./Sources/led_RGB_c.obj
 .debug_info    0x000011de      0x102 ./Sources/main_c.obj
 .debug_info    0x000012e0       0xd9 ./Sources/reles_c.obj
 .debug_info    0x000013b9       0xd9 ./Sources/saidas_c.obj
 .debug_info    0x00001492      0x1f7 ./Sources/serial_c.obj
 .debug_info    0x00001689      0x63f ./Sources/timer_c.obj
 .debug_info    0x00001cc8      0x55f ./Sources/uart_c.obj
 .debug_info    0x00002227       0x5c ./Project_Settings/Startup_Code/__arm_end_c.obj
 .debug_info    0x00002283      0x138 ./Project_Settings/Startup_Code/__arm_start_c.obj
 .debug_info    0x000023bb      0x469 ./Project_Settings/Startup_Code/kinetis_sysinit_c.obj
 .debug_info    0x00002824      0x11f C:/Freescale/CW MCU v10.3/MCU/ARM_GCC_Support/ewl/lib/armv6-m\libc.a(sprintf.o)
 .debug_info    0x00002943      0x206 C:/Freescale/CW MCU v10.3/MCU/ARM_GCC_Support/ewl/lib/armv6-m\libc.a(vsnprintf.o)
 .debug_info    0x00002b49      0x103 C:/Freescale/CW MCU v10.3/MCU/ARM_GCC_Support/ewl/lib/armv6-m\libc.a(exit.o)
 .debug_info    0x00002c4c      0x113 C:/Freescale/CW MCU v10.3/MCU/ARM_GCC_Support/ewl/lib/armv6-m\libc.a(memcpy.o)
 .debug_info    0x00002d5f       0xf4 C:/Freescale/CW MCU v10.3/MCU/ARM_GCC_Support/ewl/lib/armv6-m\libc.a(memset.o)
 .debug_info    0x00002e53      0x512 C:/Freescale/CW MCU v10.3/MCU/ARM_GCC_Support/ewl/lib/armv6-m\libc.a(printformat_.o)
 .debug_info    0x00003365      0x567 C:/Freescale/CW MCU v10.3/MCU/ARM_GCC_Support/ewl/lib/armv6-m\libc.a(scanformat_.o)
 .debug_info    0x000038cc      0x337 C:/Freescale/CW MCU v10.3/MCU/ARM_GCC_Support/ewl/lib/armv6-m\libc.a(ctype_aeabi.o)
 .debug_info    0x00003c03      0x1d7 C:/Freescale/CW MCU v10.3/MCU/ARM_GCC_Support/ewl/lib/armv6-m\libc.a(__strtoul.o)
 .debug_info    0x00003dda      0x13f C:/Freescale/CW MCU v10.3/MCU/ARM_GCC_Support/ewl/lib/armv6-m\libc.a(__filll_mem.o)
 .debug_info    0x00003f19      0x129 C:/Freescale/CW MCU v10.3/MCU/ARM_GCC_Support/ewl/lib/armv6-m\libc.a(memchr.o)
 .debug_info    0x00004042      0x113 C:/Freescale/CW MCU v10.3/MCU/ARM_GCC_Support/ewl/lib/armv6-m\libc.a(strchr.o)
 .debug_info    0x00004155       0xf4 C:/Freescale/CW MCU v10.3/MCU/ARM_GCC_Support/ewl/lib/armv6-m\libc.a(strlen.o)
 .debug_info    0x00004249      0x1c0 C:/Freescale/CW MCU v10.3/MCU/ARM_GCC_Support/ewl/lib/armv6-m\librt.a(gcc_ctor_dtor.o)
 .debug_info    0x00004409      0x1b9 C:/Freescale/CW MCU v10.3/MCU/ARM_GCC_Support/ewl/lib/armv6-m\librt.a(ROMCopy.o)
 .debug_info    0x000045c2      0x2d4 C:/Freescale/CW MCU v10.3/MCU/ARM_GCC_Support/ewl/lib/armv6-m\librt.a(__arm_eabi_init.o)

.debug_abbrev   0x00000000     0x1910
 .debug_abbrev  0x00000000      0x11f ./Sources/adc_c.obj
 .debug_abbrev  0x0000011f       0x58 ./Sources/analogico_c.obj
 .debug_abbrev  0x00000177       0x76 ./Sources/entradas_c.obj
 .debug_abbrev  0x000001ed       0xf9 ./Sources/gpio_c.obj
 .debug_abbrev  0x000002e6      0x11d ./Sources/init_cpu_c.obj
 .debug_abbrev  0x00000403       0x74 ./Sources/led_RGB_c.obj
 .debug_abbrev  0x00000477       0x97 ./Sources/main_c.obj
 .debug_abbrev  0x0000050e       0x74 ./Sources/reles_c.obj
 .debug_abbrev  0x00000582       0x74 ./Sources/saidas_c.obj
 .debug_abbrev  0x000005f6       0xc4 ./Sources/serial_c.obj
 .debug_abbrev  0x000006ba      0x120 ./Sources/timer_c.obj
 .debug_abbrev  0x000007da      0x10a ./Sources/uart_c.obj
 .debug_abbrev  0x000008e4       0x50 ./Project_Settings/Startup_Code/__arm_end_c.obj
 .debug_abbrev  0x00000934       0x96 ./Project_Settings/Startup_Code/__arm_start_c.obj
 .debug_abbrev  0x000009ca       0xeb ./Project_Settings/Startup_Code/kinetis_sysinit_c.obj
 .debug_abbrev  0x00000ab5       0xb5 C:/Freescale/CW MCU v10.3/MCU/ARM_GCC_Support/ewl/lib/armv6-m\libc.a(sprintf.o)
 .debug_abbrev  0x00000b6a       0xf4 C:/Freescale/CW MCU v10.3/MCU/ARM_GCC_Support/ewl/lib/armv6-m\libc.a(vsnprintf.o)
 .debug_abbrev  0x00000c5e       0x8f C:/Freescale/CW MCU v10.3/MCU/ARM_GCC_Support/ewl/lib/armv6-m\libc.a(exit.o)
 .debug_abbrev  0x00000ced       0x97 C:/Freescale/CW MCU v10.3/MCU/ARM_GCC_Support/ewl/lib/armv6-m\libc.a(memcpy.o)
 .debug_abbrev  0x00000d84       0x66 C:/Freescale/CW MCU v10.3/MCU/ARM_GCC_Support/ewl/lib/armv6-m\libc.a(memset.o)
 .debug_abbrev  0x00000dea      0x204 C:/Freescale/CW MCU v10.3/MCU/ARM_GCC_Support/ewl/lib/armv6-m\libc.a(printformat_.o)
 .debug_abbrev  0x00000fee      0x1fb C:/Freescale/CW MCU v10.3/MCU/ARM_GCC_Support/ewl/lib/armv6-m\libc.a(scanformat_.o)
 .debug_abbrev  0x000011e9       0xb3 C:/Freescale/CW MCU v10.3/MCU/ARM_GCC_Support/ewl/lib/armv6-m\libc.a(ctype_aeabi.o)
 .debug_abbrev  0x0000129c       0xc6 C:/Freescale/CW MCU v10.3/MCU/ARM_GCC_Support/ewl/lib/armv6-m\libc.a(__strtoul.o)
 .debug_abbrev  0x00001362       0x7c C:/Freescale/CW MCU v10.3/MCU/ARM_GCC_Support/ewl/lib/armv6-m\libc.a(__filll_mem.o)
 .debug_abbrev  0x000013de       0x99 C:/Freescale/CW MCU v10.3/MCU/ARM_GCC_Support/ewl/lib/armv6-m\libc.a(memchr.o)
 .debug_abbrev  0x00001477       0x7e C:/Freescale/CW MCU v10.3/MCU/ARM_GCC_Support/ewl/lib/armv6-m\libc.a(strchr.o)
 .debug_abbrev  0x000014f5       0x7e C:/Freescale/CW MCU v10.3/MCU/ARM_GCC_Support/ewl/lib/armv6-m\libc.a(strlen.o)
 .debug_abbrev  0x00001573       0x9d C:/Freescale/CW MCU v10.3/MCU/ARM_GCC_Support/ewl/lib/armv6-m\librt.a(gcc_ctor_dtor.o)
 .debug_abbrev  0x00001610      0x149 C:/Freescale/CW MCU v10.3/MCU/ARM_GCC_Support/ewl/lib/armv6-m\librt.a(ROMCopy.o)
 .debug_abbrev  0x00001759      0x1b7 C:/Freescale/CW MCU v10.3/MCU/ARM_GCC_Support/ewl/lib/armv6-m\librt.a(__arm_eabi_init.o)

.debug_loc      0x00000000     0x3235
 .debug_loc     0x00000000       0x9c ./Sources/adc_c.obj
 .debug_loc     0x0000009c       0xb0 ./Sources/analogico_c.obj
 .debug_loc     0x0000014c       0x70 ./Sources/entradas_c.obj
 .debug_loc     0x000001bc       0xe0 ./Sources/gpio_c.obj
 .debug_loc     0x0000029c       0x70 ./Sources/init_cpu_c.obj
 .debug_loc     0x0000030c      0x1b0 ./Sources/led_RGB_c.obj
 .debug_loc     0x000004bc       0x64 ./Sources/main_c.obj
 .debug_loc     0x00000520       0x70 ./Sources/reles_c.obj
 .debug_loc     0x00000590       0x70 ./Sources/saidas_c.obj
 .debug_loc     0x00000600       0xd4 ./Sources/serial_c.obj
 .debug_loc     0x000006d4       0xc8 ./Sources/timer_c.obj
 .debug_loc     0x0000079c       0xa8 ./Sources/uart_c.obj
 .debug_loc     0x00000844       0x38 ./Project_Settings/Startup_Code/__arm_end_c.obj
 .debug_loc     0x0000087c       0x2c ./Project_Settings/Startup_Code/__arm_start_c.obj
 .debug_loc     0x000008a8       0x58 ./Project_Settings/Startup_Code/kinetis_sysinit_c.obj
 .debug_loc     0x00000900       0x3f C:/Freescale/CW MCU v10.3/MCU/ARM_GCC_Support/ewl/lib/armv6-m\libc.a(sprintf.o)
 .debug_loc     0x0000093f      0x105 C:/Freescale/CW MCU v10.3/MCU/ARM_GCC_Support/ewl/lib/armv6-m\libc.a(vsnprintf.o)
 .debug_loc     0x00000a44       0x3e C:/Freescale/CW MCU v10.3/MCU/ARM_GCC_Support/ewl/lib/armv6-m\libc.a(exit.o)
 .debug_loc     0x00000a82       0x46 C:/Freescale/CW MCU v10.3/MCU/ARM_GCC_Support/ewl/lib/armv6-m\libc.a(memcpy.o)
 .debug_loc     0x00000ac8       0x6f C:/Freescale/CW MCU v10.3/MCU/ARM_GCC_Support/ewl/lib/armv6-m\libc.a(memset.o)
 .debug_loc     0x00000b37     0x1072 C:/Freescale/CW MCU v10.3/MCU/ARM_GCC_Support/ewl/lib/armv6-m\libc.a(printformat_.o)
 .debug_loc     0x00001ba9      0xb25 C:/Freescale/CW MCU v10.3/MCU/ARM_GCC_Support/ewl/lib/armv6-m\libc.a(scanformat_.o)
 .debug_loc     0x000026ce      0x2f7 C:/Freescale/CW MCU v10.3/MCU/ARM_GCC_Support/ewl/lib/armv6-m\libc.a(ctype_aeabi.o)
 .debug_loc     0x000029c5      0x274 C:/Freescale/CW MCU v10.3/MCU/ARM_GCC_Support/ewl/lib/armv6-m\libc.a(__strtoul.o)
 .debug_loc     0x00002c39      0x16b C:/Freescale/CW MCU v10.3/MCU/ARM_GCC_Support/ewl/lib/armv6-m\libc.a(__filll_mem.o)
 .debug_loc     0x00002da4       0x82 C:/Freescale/CW MCU v10.3/MCU/ARM_GCC_Support/ewl/lib/armv6-m\libc.a(memchr.o)
 .debug_loc     0x00002e26       0xab C:/Freescale/CW MCU v10.3/MCU/ARM_GCC_Support/ewl/lib/armv6-m\libc.a(strchr.o)
 .debug_loc     0x00002ed1       0x51 C:/Freescale/CW MCU v10.3/MCU/ARM_GCC_Support/ewl/lib/armv6-m\libc.a(strlen.o)
 .debug_loc     0x00002f22       0xbe C:/Freescale/CW MCU v10.3/MCU/ARM_GCC_Support/ewl/lib/armv6-m\librt.a(gcc_ctor_dtor.o)
 .debug_loc     0x00002fe0       0xbb C:/Freescale/CW MCU v10.3/MCU/ARM_GCC_Support/ewl/lib/armv6-m\librt.a(ROMCopy.o)
 .debug_loc     0x0000309b      0x19a C:/Freescale/CW MCU v10.3/MCU/ARM_GCC_Support/ewl/lib/armv6-m\librt.a(__arm_eabi_init.o)

.debug_aranges  0x00000000      0x5a8
 .debug_aranges
                0x00000000       0x30 ./Sources/adc_c.obj
 .debug_aranges
                0x00000030       0x38 ./Sources/analogico_c.obj
 .debug_aranges
                0x00000068       0x28 ./Sources/entradas_c.obj
 .debug_aranges
                0x00000090       0x38 ./Sources/gpio_c.obj
 .debug_aranges
                0x000000c8       0x28 ./Sources/init_cpu_c.obj
 .debug_aranges
                0x000000f0       0x60 ./Sources/led_RGB_c.obj
 .debug_aranges
                0x00000150       0x28 ./Sources/main_c.obj
 .debug_aranges
                0x00000178       0x28 ./Sources/reles_c.obj
 .debug_aranges
                0x000001a0       0x28 ./Sources/saidas_c.obj
 .debug_aranges
                0x000001c8       0x38 ./Sources/serial_c.obj
 .debug_aranges
                0x00000200       0x38 ./Sources/timer_c.obj
 .debug_aranges
                0x00000238       0x30 ./Sources/uart_c.obj
 .debug_aranges
                0x00000268       0x20 ./Project_Settings/Startup_Code/__arm_end_c.obj
 .debug_aranges
                0x00000288       0x30 ./Project_Settings/Startup_Code/__arm_start_c.obj
 .debug_aranges
                0x000002b8       0x28 ./Project_Settings/Startup_Code/kinetis_sysinit_c.obj
 .debug_aranges
                0x000002e0       0x20 C:/Freescale/CW MCU v10.3/MCU/ARM_GCC_Support/ewl/lib/armv6-m\libc.a(sprintf.o)
 .debug_aranges
                0x00000300       0x28 C:/Freescale/CW MCU v10.3/MCU/ARM_GCC_Support/ewl/lib/armv6-m\libc.a(vsnprintf.o)
 .debug_aranges
                0x00000328       0x20 C:/Freescale/CW MCU v10.3/MCU/ARM_GCC_Support/ewl/lib/armv6-m\libc.a(exit.o)
 .debug_aranges
                0x00000348       0x20 C:/Freescale/CW MCU v10.3/MCU/ARM_GCC_Support/ewl/lib/armv6-m\libc.a(memcpy.o)
 .debug_aranges
                0x00000368       0x20 C:/Freescale/CW MCU v10.3/MCU/ARM_GCC_Support/ewl/lib/armv6-m\libc.a(memset.o)
 .debug_aranges
                0x00000388       0x28 C:/Freescale/CW MCU v10.3/MCU/ARM_GCC_Support/ewl/lib/armv6-m\libc.a(printformat_.o)
 .debug_aranges
                0x000003b0       0x20 C:/Freescale/CW MCU v10.3/MCU/ARM_GCC_Support/ewl/lib/armv6-m\libc.a(scanformat_.o)
 .debug_aranges
                0x000003d0       0x88 C:/Freescale/CW MCU v10.3/MCU/ARM_GCC_Support/ewl/lib/armv6-m\libc.a(ctype_aeabi.o)
 .debug_aranges
                0x00000458       0x20 C:/Freescale/CW MCU v10.3/MCU/ARM_GCC_Support/ewl/lib/armv6-m\libc.a(__strtoul.o)
 .debug_aranges
                0x00000478       0x20 C:/Freescale/CW MCU v10.3/MCU/ARM_GCC_Support/ewl/lib/armv6-m\libc.a(__filll_mem.o)
 .debug_aranges
                0x00000498       0x20 C:/Freescale/CW MCU v10.3/MCU/ARM_GCC_Support/ewl/lib/armv6-m\libc.a(memchr.o)
 .debug_aranges
                0x000004b8       0x20 C:/Freescale/CW MCU v10.3/MCU/ARM_GCC_Support/ewl/lib/armv6-m\libc.a(strchr.o)
 .debug_aranges
                0x000004d8       0x20 C:/Freescale/CW MCU v10.3/MCU/ARM_GCC_Support/ewl/lib/armv6-m\libc.a(strlen.o)
 .debug_aranges
                0x000004f8       0x28 C:/Freescale/CW MCU v10.3/MCU/ARM_GCC_Support/ewl/lib/armv6-m\librt.a(gcc_ctor_dtor.o)
 .debug_aranges
                0x00000520       0x30 C:/Freescale/CW MCU v10.3/MCU/ARM_GCC_Support/ewl/lib/armv6-m\librt.a(ROMCopy.o)
 .debug_aranges
                0x00000550       0x58 C:/Freescale/CW MCU v10.3/MCU/ARM_GCC_Support/ewl/lib/armv6-m\librt.a(__arm_eabi_init.o)

.debug_line     0x00000000     0x43ce
 .debug_line    0x00000000      0x383 ./Sources/adc_c.obj
 .debug_line    0x00000383      0x35e ./Sources/analogico_c.obj
 .debug_line    0x000006e1      0x34f ./Sources/entradas_c.obj
 .debug_line    0x00000a30      0x3e4 ./Sources/gpio_c.obj
 .debug_line    0x00000e14      0x466 ./Sources/init_cpu_c.obj
 .debug_line    0x0000127a      0x3b1 ./Sources/led_RGB_c.obj
 .debug_line    0x0000162b      0x379 ./Sources/main_c.obj
 .debug_line    0x000019a4      0x362 ./Sources/reles_c.obj
 .debug_line    0x00001d06      0x355 ./Sources/saidas_c.obj
 .debug_line    0x0000205b      0x362 ./Sources/serial_c.obj
 .debug_line    0x000023bd      0x362 ./Sources/timer_c.obj
 .debug_line    0x0000271f      0x36d ./Sources/uart_c.obj
 .debug_line    0x00002a8c      0x269 ./Project_Settings/Startup_Code/__arm_end_c.obj
 .debug_line    0x00002cf5      0x2a6 ./Project_Settings/Startup_Code/__arm_start_c.obj
 .debug_line    0x00002f9b      0x223 ./Project_Settings/Startup_Code/kinetis_sysinit_c.obj
 .debug_line    0x000031be       0x93 C:/Freescale/CW MCU v10.3/MCU/ARM_GCC_Support/ewl/lib/armv6-m\libc.a(sprintf.o)
 .debug_line    0x00003251       0xec C:/Freescale/CW MCU v10.3/MCU/ARM_GCC_Support/ewl/lib/armv6-m\libc.a(vsnprintf.o)
 .debug_line    0x0000333d       0x8d C:/Freescale/CW MCU v10.3/MCU/ARM_GCC_Support/ewl/lib/armv6-m\libc.a(exit.o)
 .debug_line    0x000033ca       0x8d C:/Freescale/CW MCU v10.3/MCU/ARM_GCC_Support/ewl/lib/armv6-m\libc.a(memcpy.o)
 .debug_line    0x00003457       0x90 C:/Freescale/CW MCU v10.3/MCU/ARM_GCC_Support/ewl/lib/armv6-m\libc.a(memset.o)
 .debug_line    0x000034e7      0x2d2 C:/Freescale/CW MCU v10.3/MCU/ARM_GCC_Support/ewl/lib/armv6-m\libc.a(printformat_.o)
 .debug_line    0x000037b9      0x32b C:/Freescale/CW MCU v10.3/MCU/ARM_GCC_Support/ewl/lib/armv6-m\libc.a(scanformat_.o)
 .debug_line    0x00003ae4      0x21d C:/Freescale/CW MCU v10.3/MCU/ARM_GCC_Support/ewl/lib/armv6-m\libc.a(ctype_aeabi.o)
 .debug_line    0x00003d01      0x147 C:/Freescale/CW MCU v10.3/MCU/ARM_GCC_Support/ewl/lib/armv6-m\libc.a(__strtoul.o)
 .debug_line    0x00003e48      0x140 C:/Freescale/CW MCU v10.3/MCU/ARM_GCC_Support/ewl/lib/armv6-m\libc.a(__filll_mem.o)
 .debug_line    0x00003f88       0xa3 C:/Freescale/CW MCU v10.3/MCU/ARM_GCC_Support/ewl/lib/armv6-m\libc.a(memchr.o)
 .debug_line    0x0000402b       0x84 C:/Freescale/CW MCU v10.3/MCU/ARM_GCC_Support/ewl/lib/armv6-m\libc.a(strchr.o)
 .debug_line    0x000040af       0x9b C:/Freescale/CW MCU v10.3/MCU/ARM_GCC_Support/ewl/lib/armv6-m\libc.a(strlen.o)
 .debug_line    0x0000414a       0x9d C:/Freescale/CW MCU v10.3/MCU/ARM_GCC_Support/ewl/lib/armv6-m\librt.a(gcc_ctor_dtor.o)
 .debug_line    0x000041e7       0xce C:/Freescale/CW MCU v10.3/MCU/ARM_GCC_Support/ewl/lib/armv6-m\librt.a(ROMCopy.o)
 .debug_line    0x000042b5      0x119 C:/Freescale/CW MCU v10.3/MCU/ARM_GCC_Support/ewl/lib/armv6-m\librt.a(__arm_eabi_init.o)

.debug_macinfo  0x00000000   0x1ff2d2
 .debug_macinfo
                0x00000000    0x26d69 ./Sources/adc_c.obj
 .debug_macinfo
                0x00026d69    0x26d69 ./Sources/analogico_c.obj
 .debug_macinfo
                0x0004dad2    0x26d69 ./Sources/entradas_c.obj
 .debug_macinfo
                0x0007483b    0x26d65 ./Sources/gpio_c.obj
 .debug_macinfo
                0x0009b5a0    0x26d69 ./Sources/init_cpu_c.obj
 .debug_macinfo
                0x000c2309    0x26d69 ./Sources/led_RGB_c.obj
 .debug_macinfo
                0x000e9072    0x26d6d ./Sources/main_c.obj
 .debug_macinfo
                0x0010fddf    0x26d69 ./Sources/reles_c.obj
 .debug_macinfo
                0x00136b48    0x26d69 ./Sources/saidas_c.obj
 .debug_macinfo
                0x0015d8b1    0x26d69 ./Sources/serial_c.obj
 .debug_macinfo
                0x0018461a    0x26d69 ./Sources/timer_c.obj
 .debug_macinfo
                0x001ab383    0x26d75 ./Sources/uart_c.obj
 .debug_macinfo
                0x001d20f8     0x3263 ./Project_Settings/Startup_Code/__arm_end_c.obj
 .debug_macinfo
                0x001d535b     0x3c7a ./Project_Settings/Startup_Code/__arm_start_c.obj
 .debug_macinfo
                0x001d8fd5    0x262fd ./Project_Settings/Startup_Code/kinetis_sysinit_c.obj

.debug_str      0x00000000     0x14aa
 .debug_str     0x00000000      0x256 ./Sources/adc_c.obj
                                0x299 (size before relaxing)
 .debug_str     0x00000256       0x55 ./Sources/analogico_c.obj
                                0x16c (size before relaxing)
 .debug_str     0x000002ab       0x3f ./Sources/entradas_c.obj
                                0x156 (size before relaxing)
 .debug_str     0x000002ea       0xc3 ./Sources/gpio_c.obj
                                0x2c5 (size before relaxing)
 .debug_str     0x000003ad      0x122 ./Sources/init_cpu_c.obj
                                0x31f (size before relaxing)
 .debug_str     0x000004cf       0x9f ./Sources/led_RGB_c.obj
                                0x1bb (size before relaxing)
 .debug_str     0x0000056e       0x35 ./Sources/main_c.obj
                                0x151 (size before relaxing)
 .debug_str     0x000005a3       0x2d ./Sources/reles_c.obj
                                0x149 (size before relaxing)
 .debug_str     0x000005d0       0x34 ./Sources/saidas_c.obj
                                0x150 (size before relaxing)
 .debug_str     0x00000604       0x69 ./Sources/serial_c.obj
                                0x187 (size before relaxing)
 .debug_str     0x0000066d      0x2ff ./Sources/timer_c.obj
                                0x506 (size before relaxing)
 .debug_str     0x0000096c       0x6c ./Sources/uart_c.obj
                                0x2b7 (size before relaxing)
 .debug_str     0x000009d8       0x41 ./Project_Settings/Startup_Code/__arm_end_c.obj
                                 0xdc (size before relaxing)
 .debug_str     0x00000a19       0x85 ./Project_Settings/Startup_Code/__arm_start_c.obj
                                0x19c (size before relaxing)
 .debug_str     0x00000a9e       0xd7 ./Project_Settings/Startup_Code/kinetis_sysinit_c.obj
                                0x2cf (size before relaxing)
 .debug_str     0x00000b75       0x5c C:/Freescale/CW MCU v10.3/MCU/ARM_GCC_Support/ewl/lib/armv6-m\libc.a(sprintf.o)
                                0x15a (size before relaxing)
 .debug_str     0x00000bd1       0x8a C:/Freescale/CW MCU v10.3/MCU/ARM_GCC_Support/ewl/lib/armv6-m\libc.a(vsnprintf.o)
                                0x1c3 (size before relaxing)
 .debug_str     0x00000c5b       0x2e C:/Freescale/CW MCU v10.3/MCU/ARM_GCC_Support/ewl/lib/armv6-m\libc.a(exit.o)
                                0x14e (size before relaxing)
 .debug_str     0x00000c89       0x1c C:/Freescale/CW MCU v10.3/MCU/ARM_GCC_Support/ewl/lib/armv6-m\libc.a(memcpy.o)
                                0x138 (size before relaxing)
 .debug_str     0x00000ca5       0x1c C:/Freescale/CW MCU v10.3/MCU/ARM_GCC_Support/ewl/lib/armv6-m\libc.a(memset.o)
                                0x140 (size before relaxing)
 .debug_str     0x00000cc1      0x235 C:/Freescale/CW MCU v10.3/MCU/ARM_GCC_Support/ewl/lib/armv6-m\libc.a(printformat_.o)
                                0x3aa (size before relaxing)
 .debug_str     0x00000ef6      0x184 C:/Freescale/CW MCU v10.3/MCU/ARM_GCC_Support/ewl/lib/armv6-m\libc.a(scanformat_.o)
                                0x3f0 (size before relaxing)
 .debug_str     0x0000107a       0x9d C:/Freescale/CW MCU v10.3/MCU/ARM_GCC_Support/ewl/lib/armv6-m\libc.a(ctype_aeabi.o)
                                0x1b3 (size before relaxing)
 .debug_str     0x00001117       0x5b C:/Freescale/CW MCU v10.3/MCU/ARM_GCC_Support/ewl/lib/armv6-m\libc.a(__strtoul.o)
                                0x1f2 (size before relaxing)
 .debug_str     0x00001172       0x25 C:/Freescale/CW MCU v10.3/MCU/ARM_GCC_Support/ewl/lib/armv6-m\libc.a(__filll_mem.o)
                                0x152 (size before relaxing)
 .debug_str     0x00001197       0x1c C:/Freescale/CW MCU v10.3/MCU/ARM_GCC_Support/ewl/lib/armv6-m\libc.a(memchr.o)
                                0x148 (size before relaxing)
 .debug_str     0x000011b3       0x1c C:/Freescale/CW MCU v10.3/MCU/ARM_GCC_Support/ewl/lib/armv6-m\libc.a(strchr.o)
                                0x137 (size before relaxing)
 .debug_str     0x000011cf       0x1c C:/Freescale/CW MCU v10.3/MCU/ARM_GCC_Support/ewl/lib/armv6-m\libc.a(strlen.o)
                                0x140 (size before relaxing)
 .debug_str     0x000011eb      0x126 C:/Freescale/CW MCU v10.3/MCU/ARM_GCC_Support/ewl/lib/armv6-m\librt.a(gcc_ctor_dtor.o)
                                0x185 (size before relaxing)
 .debug_str     0x00001311       0xa1 C:/Freescale/CW MCU v10.3/MCU/ARM_GCC_Support/ewl/lib/armv6-m\librt.a(ROMCopy.o)
                                0x140 (size before relaxing)
 .debug_str     0x000013b2       0xf8 C:/Freescale/CW MCU v10.3/MCU/ARM_GCC_Support/ewl/lib/armv6-m\librt.a(__arm_eabi_init.o)
                                0x1ac (size before relaxing)

.comment        0x00000000       0x79
 .comment       0x00000000       0x79 ./Sources/adc_c.obj
                                 0x7a (size before relaxing)
 .comment       0x00000000       0x7a ./Sources/analogico_c.obj
 .comment       0x00000000       0x7a ./Sources/entradas_c.obj
 .comment       0x00000000       0x7a ./Sources/gpio_c.obj
 .comment       0x00000000       0x7a ./Sources/init_cpu_c.obj
 .comment       0x00000000       0x7a ./Sources/led_RGB_c.obj
 .comment       0x00000000       0x7a ./Sources/main_c.obj
 .comment       0x00000000       0x7a ./Sources/reles_c.obj
 .comment       0x00000000       0x7a ./Sources/saidas_c.obj
 .comment       0x00000000       0x7a ./Sources/serial_c.obj
 .comment       0x00000000       0x7a ./Sources/timer_c.obj
 .comment       0x00000000       0x7a ./Sources/uart_c.obj
 .comment       0x00000000       0x7a ./Project_Settings/Startup_Code/__arm_end_c.obj
 .comment       0x00000000       0x7a ./Project_Settings/Startup_Code/__arm_start_c.obj
 .comment       0x00000000       0x7a ./Project_Settings/Startup_Code/kinetis_sysinit_c.obj
 .comment       0x00000000       0x7a C:/Freescale/CW MCU v10.3/MCU/ARM_GCC_Support/ewl/lib/armv6-m\libc.a(sprintf.o)
 .comment       0x00000000       0x7a C:/Freescale/CW MCU v10.3/MCU/ARM_GCC_Support/ewl/lib/armv6-m\libc.a(vsnprintf.o)
 .comment       0x00000000       0x7a C:/Freescale/CW MCU v10.3/MCU/ARM_GCC_Support/ewl/lib/armv6-m\libc.a(exit.o)
 .comment       0x00000000       0x7a C:/Freescale/CW MCU v10.3/MCU/ARM_GCC_Support/ewl/lib/armv6-m\libc.a(memcpy.o)
 .comment       0x00000000       0x7a C:/Freescale/CW MCU v10.3/MCU/ARM_GCC_Support/ewl/lib/armv6-m\libc.a(memset.o)
 .comment       0x00000000       0x7a C:/Freescale/CW MCU v10.3/MCU/ARM_GCC_Support/ewl/lib/armv6-m\libc.a(printformat_.o)
 .comment       0x00000000       0x7a C:/Freescale/CW MCU v10.3/MCU/ARM_GCC_Support/ewl/lib/armv6-m\libc.a(scanformat_.o)
 .comment       0x00000000       0x7a C:/Freescale/CW MCU v10.3/MCU/ARM_GCC_Support/ewl/lib/armv6-m\libc.a(ctype_aeabi.o)
 .comment       0x00000000       0x7a C:/Freescale/CW MCU v10.3/MCU/ARM_GCC_Support/ewl/lib/armv6-m\libc.a(__strtoul.o)
 .comment       0x00000000       0x7a C:/Freescale/CW MCU v10.3/MCU/ARM_GCC_Support/ewl/lib/armv6-m\libc.a(__filll_mem.o)
 .comment       0x00000000       0x7a C:/Freescale/CW MCU v10.3/MCU/ARM_GCC_Support/ewl/lib/armv6-m\libc.a(memchr.o)
 .comment       0x00000000       0x7a C:/Freescale/CW MCU v10.3/MCU/ARM_GCC_Support/ewl/lib/armv6-m\libc.a(strchr.o)
 .comment       0x00000000       0x7a C:/Freescale/CW MCU v10.3/MCU/ARM_GCC_Support/ewl/lib/armv6-m\libc.a(strlen.o)
 .comment       0x00000000       0x7a C:/Freescale/CW MCU v10.3/MCU/ARM_GCC_Support/ewl/lib/armv6-m\librt.a(gcc_ctor_dtor.o)
 .comment       0x00000000       0x7a C:/Freescale/CW MCU v10.3/MCU/ARM_GCC_Support/ewl/lib/armv6-m\librt.a(ROMCopy.o)
 .comment       0x00000000       0x7a C:/Freescale/CW MCU v10.3/MCU/ARM_GCC_Support/ewl/lib/armv6-m\librt.a(__arm_eabi_init.o)

.debug_frame    0x00000000      0xbcc
 .debug_frame   0x00000000       0x6c ./Sources/adc_c.obj
 .debug_frame   0x0000006c       0x80 ./Sources/analogico_c.obj
 .debug_frame   0x000000ec       0x50 ./Sources/entradas_c.obj
 .debug_frame   0x0000013c       0x98 ./Sources/gpio_c.obj
 .debug_frame   0x000001d4       0x50 ./Sources/init_cpu_c.obj
 .debug_frame   0x00000224      0x118 ./Sources/led_RGB_c.obj
 .debug_frame   0x0000033c       0x58 ./Sources/main_c.obj
 .debug_frame   0x00000394       0x50 ./Sources/reles_c.obj
 .debug_frame   0x000003e4       0x50 ./Sources/saidas_c.obj
 .debug_frame   0x00000434       0x8c ./Sources/serial_c.obj
 .debug_frame   0x000004c0       0x94 ./Sources/timer_c.obj
 .debug_frame   0x00000554       0x74 ./Sources/uart_c.obj
 .debug_frame   0x000005c8       0x30 ./Project_Settings/Startup_Code/__arm_end_c.obj
 .debug_frame   0x000005f8       0x4c ./Project_Settings/Startup_Code/__arm_start_c.obj
 .debug_frame   0x00000644       0x48 ./Project_Settings/Startup_Code/kinetis_sysinit_c.obj
 .debug_frame   0x0000068c       0x2c C:/Freescale/CW MCU v10.3/MCU/ARM_GCC_Support/ewl/lib/armv6-m\libc.a(sprintf.o)
 .debug_frame   0x000006b8       0x4c C:/Freescale/CW MCU v10.3/MCU/ARM_GCC_Support/ewl/lib/armv6-m\libc.a(vsnprintf.o)
 .debug_frame   0x00000704       0x2c C:/Freescale/CW MCU v10.3/MCU/ARM_GCC_Support/ewl/lib/armv6-m\libc.a(exit.o)
 .debug_frame   0x00000730       0x28 C:/Freescale/CW MCU v10.3/MCU/ARM_GCC_Support/ewl/lib/armv6-m\libc.a(memcpy.o)
 .debug_frame   0x00000758       0x28 C:/Freescale/CW MCU v10.3/MCU/ARM_GCC_Support/ewl/lib/armv6-m\libc.a(memset.o)
 .debug_frame   0x00000780       0x54 C:/Freescale/CW MCU v10.3/MCU/ARM_GCC_Support/ewl/lib/armv6-m\libc.a(printformat_.o)
 .debug_frame   0x000007d4       0x34 C:/Freescale/CW MCU v10.3/MCU/ARM_GCC_Support/ewl/lib/armv6-m\libc.a(scanformat_.o)
 .debug_frame   0x00000808      0x158 C:/Freescale/CW MCU v10.3/MCU/ARM_GCC_Support/ewl/lib/armv6-m\libc.a(ctype_aeabi.o)
 .debug_frame   0x00000960       0x30 C:/Freescale/CW MCU v10.3/MCU/ARM_GCC_Support/ewl/lib/armv6-m\libc.a(__strtoul.o)
 .debug_frame   0x00000990       0x2c C:/Freescale/CW MCU v10.3/MCU/ARM_GCC_Support/ewl/lib/armv6-m\libc.a(__filll_mem.o)
 .debug_frame   0x000009bc       0x28 C:/Freescale/CW MCU v10.3/MCU/ARM_GCC_Support/ewl/lib/armv6-m\libc.a(memchr.o)
 .debug_frame   0x000009e4       0x28 C:/Freescale/CW MCU v10.3/MCU/ARM_GCC_Support/ewl/lib/armv6-m\libc.a(strchr.o)
 .debug_frame   0x00000a0c       0x28 C:/Freescale/CW MCU v10.3/MCU/ARM_GCC_Support/ewl/lib/armv6-m\libc.a(strlen.o)
 .debug_frame   0x00000a34       0x20 c:/freescale/cw mcu v10.3/cross_tools/arm-none-eabi-gcc-4_6_2/bin/../lib/gcc/arm-none-eabi/4.6.2/armv6-m\libgcc.a(_udivsi3.o)
 .debug_frame   0x00000a54       0x20 c:/freescale/cw mcu v10.3/cross_tools/arm-none-eabi-gcc-4_6_2/bin/../lib/gcc/arm-none-eabi/4.6.2/armv6-m\libgcc.a(_divsi3.o)
 .debug_frame   0x00000a74       0x48 C:/Freescale/CW MCU v10.3/MCU/ARM_GCC_Support/ewl/lib/armv6-m\librt.a(gcc_ctor_dtor.o)
 .debug_frame   0x00000abc       0x54 C:/Freescale/CW MCU v10.3/MCU/ARM_GCC_Support/ewl/lib/armv6-m\librt.a(ROMCopy.o)
 .debug_frame   0x00000b10       0xbc C:/Freescale/CW MCU v10.3/MCU/ARM_GCC_Support/ewl/lib/armv6-m\librt.a(__arm_eabi_init.o)
